===== exfat-observations.log =====
environment	os=Windows 10; version=10.0; java=21.0.12.1; timezone=America/New_York
volume	device=\Device\VeraCryptVolumeZ; nativeFs=exFAT; label=; serial=98d16f05; maximumComponent=255; flags=00020206
nio-store	name=; type=exFAT; text=(Z:); total=1099492491264; readOnly=false; basic=true; dos=true; acl=false; posix=false
volume-guid	\\?\Volume{5b22bd93-5d21-11ec-bf63-7085c24c9111}\
volume-root-nio	path=Z:\; real=Z:\; key=null; directory=true; regular=false; symlink=false; other=false; size=0; mtime=1980-01-01T04:00:00Z; creation=1980-01-01T04:00:00Z; access=1980-01-01T04:00:00Z
volume-root-native	legacyOk=true; legacyError=0; legacySerial=98d16f05; index64=0000000000000000; attributes=00000010; links=1; creation100ns=119600208000000000(1980-01-01T04:00:00Z); access100ns=119600208000000000(1980-01-01T04:00:00Z); mtime100ns=119600208000000000(1980-01-01T04:00:00Z); fileIdInfoOk=false; fileIdInfoError=87; tagOk=false; tagError=87; final=\\?\Z:\
volume-root-existing-ntfs-adapter	Cannot inspect Windows file attributes (error 87)
file-created-nio	path=Z:\media-compare-authority-test\Experiment\Original.bin; real=Z:\media-compare-authority-test\Experiment\Original.bin; key=null; directory=false; regular=true; symlink=false; other=false; size=5; mtime=2026-10-01T23:11:36Z; creation=2026-10-01T23:11:34.49Z; access=2026-10-01T23:11:36Z
file-created-native	legacyOk=true; legacyError=0; legacySerial=98d16f05; index64=000000a586540000; attributes=00000020; links=1; creation100ns=134353698944900000(2026-10-01T23:11:34.490Z); access100ns=134353698960000000(2026-10-01T23:11:36Z); mtime100ns=134353698960000000(2026-10-01T23:11:36Z); fileIdInfoOk=false; fileIdInfoError=87; tagOk=false; tagError=87; final=\\?\Z:\media-compare-authority-test\Experiment\Original.bin
file-created-existing-ntfs-adapter	Cannot inspect Windows file attributes (error 87)
file-reopened-nio	path=Z:\media-compare-authority-test\Experiment\Original.bin; real=Z:\media-compare-authority-test\Experiment\Original.bin; key=null; directory=false; regular=true; symlink=false; other=false; size=5; mtime=2026-10-01T23:11:36Z; creation=2026-10-01T23:11:34.49Z; access=2026-10-01T23:11:36Z
file-reopened-native	legacyOk=true; legacyError=0; legacySerial=98d16f05; index64=000000a586540000; attributes=00000020; links=1; creation100ns=134353698944900000(2026-10-01T23:11:34.490Z); access100ns=134353698960000000(2026-10-01T23:11:36Z); mtime100ns=134353698960000000(2026-10-01T23:11:36Z); fileIdInfoOk=false; fileIdInfoError=87; tagOk=false; tagError=87; final=\\?\Z:\media-compare-authority-test\Experiment\Original.bin
file-reopened-existing-ntfs-adapter	Cannot inspect Windows file attributes (error 87)
file-renamed-nio	path=Z:\media-compare-authority-test\Experiment\Renamed.bin; real=Z:\media-compare-authority-test\Experiment\Renamed.bin; key=null; directory=false; regular=true; symlink=false; other=false; size=5; mtime=2026-10-01T23:11:36Z; creation=2026-10-01T23:11:34.49Z; access=2026-10-01T23:11:36Z
file-renamed-native	legacyOk=true; legacyError=0; legacySerial=98d16f05; index64=000000a586540000; attributes=00000020; links=1; creation100ns=134353698944900000(2026-10-01T23:11:34.490Z); access100ns=134353698960000000(2026-10-01T23:11:36Z); mtime100ns=134353698960000000(2026-10-01T23:11:36Z); fileIdInfoOk=false; fileIdInfoError=87; tagOk=false; tagError=87; final=\\?\Z:\media-compare-authority-test\Experiment\Renamed.bin
file-renamed-existing-ntfs-adapter	Cannot inspect Windows file attributes (error 87)
file-moved-nio	path=Z:\media-compare-authority-test\Experiment\Destination\Moved.bin; real=Z:\media-compare-authority-test\Experiment\Destination\Moved.bin; key=null; directory=false; regular=true; symlink=false; other=false; size=5; mtime=2026-10-01T23:11:36Z; creation=2026-10-01T23:11:34.49Z; access=2026-10-01T23:11:36Z
file-moved-native	legacyOk=true; legacyError=0; legacySerial=98d16f05; index64=000000a5865c0000; attributes=00000020; links=1; creation100ns=134353698944900000(2026-10-01T23:11:34.490Z); access100ns=134353698960000000(2026-10-01T23:11:36Z); mtime100ns=134353698960000000(2026-10-01T23:11:36Z); fileIdInfoOk=false; fileIdInfoError=87; tagOk=false; tagError=87; final=\\?\Z:\media-compare-authority-test\Experiment\Destination\Moved.bin
file-moved-existing-ntfs-adapter	Cannot inspect Windows file attributes (error 87)
file-delete-recreate-same-size-mtime-nio	path=Z:\media-compare-authority-test\Experiment\Destination\Moved.bin; real=Z:\media-compare-authority-test\Experiment\Destination\Moved.bin; key=null; directory=false; regular=true; symlink=false; other=false; size=5; mtime=2026-10-01T23:11:36Z; creation=2026-10-01T23:11:34.49Z; access=2026-10-01T23:11:36Z
file-delete-recreate-same-size-mtime-native	legacyOk=true; legacyError=0; legacySerial=98d16f05; index64=000000a5865c0060; attributes=00000020; links=1; creation100ns=134353698944900000(2026-10-01T23:11:34.490Z); access100ns=134353698960000000(2026-10-01T23:11:36Z); mtime100ns=134353698960000000(2026-10-01T23:11:36Z); fileIdInfoOk=false; fileIdInfoError=87; tagOk=false; tagError=87; final=\\?\Z:\media-compare-authority-test\Experiment\Destination\Moved.bin
file-delete-recreate-same-size-mtime-existing-ntfs-adapter	Cannot inspect Windows file attributes (error 87)
file-replacement-all-times-restored-nio	path=Z:\media-compare-authority-test\Experiment\Destination\Moved.bin; real=Z:\media-compare-authority-test\Experiment\Destination\Moved.bin; key=null; directory=false; regular=true; symlink=false; other=false; size=5; mtime=2026-10-01T23:11:36Z; creation=2026-10-01T23:11:34.49Z; access=2026-10-01T23:11:36Z
file-replacement-all-times-restored-native	legacyOk=true; legacyError=0; legacySerial=98d16f05; index64=000000a5865c0060; attributes=00000020; links=1; creation100ns=134353698944900000(2026-10-01T23:11:34.490Z); access100ns=134353698960000000(2026-10-01T23:11:36Z); mtime100ns=134353698960000000(2026-10-01T23:11:36Z); fileIdInfoOk=false; fileIdInfoError=87; tagOk=false; tagError=87; final=\\?\Z:\media-compare-authority-test\Experiment\Destination\Moved.bin
file-replacement-all-times-restored-existing-ntfs-adapter	Cannot inspect Windows file attributes (error 87)
file-recreate-loop-0-nio	path=Z:\media-compare-authority-test\Experiment\Destination\Moved.bin; real=Z:\media-compare-authority-test\Experiment\Destination\Moved.bin; key=null; directory=false; regular=true; symlink=false; other=false; size=5; mtime=2026-10-01T23:11:36Z; creation=2026-10-01T23:11:34.49Z; access=2026-10-01T23:11:36Z
file-recreate-loop-0-native	legacyOk=true; legacyError=0; legacySerial=98d16f05; index64=000000a5865c00c0; attributes=00000020; links=1; creation100ns=134353698944900000(2026-10-01T23:11:34.490Z); access100ns=134353698960000000(2026-10-01T23:11:36Z); mtime100ns=134353698960000000(2026-10-01T23:11:36Z); fileIdInfoOk=false; fileIdInfoError=87; tagOk=false; tagError=87; final=\\?\Z:\media-compare-authority-test\Experiment\Destination\Moved.bin
file-recreate-loop-0-existing-ntfs-adapter	Cannot inspect Windows file attributes (error 87)
file-recreate-loop-1-nio	path=Z:\media-compare-authority-test\Experiment\Destination\Moved.bin; real=Z:\media-compare-authority-test\Experiment\Destination\Moved.bin; key=null; directory=false; regular=true; symlink=false; other=false; size=5; mtime=2026-10-01T23:11:36Z; creation=2026-10-01T23:11:34.49Z; access=2026-10-01T23:11:36Z
file-recreate-loop-1-native	legacyOk=true; legacyError=0; legacySerial=98d16f05; index64=000000a5865c0120; attributes=00000020; links=1; creation100ns=134353698944900000(2026-10-01T23:11:34.490Z); access100ns=134353698960000000(2026-10-01T23:11:36Z); mtime100ns=134353698960000000(2026-10-01T23:11:36Z); fileIdInfoOk=false; fileIdInfoError=87; tagOk=false; tagError=87; final=\\?\Z:\media-compare-authority-test\Experiment\Destination\Moved.bin
file-recreate-loop-1-existing-ntfs-adapter	Cannot inspect Windows file attributes (error 87)
file-recreate-loop-2-nio	path=Z:\media-compare-authority-test\Experiment\Destination\Moved.bin; real=Z:\media-compare-authority-test\Experiment\Destination\Moved.bin; key=null; directory=false; regular=true; symlink=false; other=false; size=5; mtime=2026-10-01T23:11:36Z; creation=2026-10-01T23:11:34.49Z; access=2026-10-01T23:11:36Z
file-recreate-loop-2-native	legacyOk=true; legacyError=0; legacySerial=98d16f05; index64=000000a5865c0180; attributes=00000020; links=1; creation100ns=134353698944900000(2026-10-01T23:11:34.490Z); access100ns=134353698960000000(2026-10-01T23:11:36Z); mtime100ns=134353698960000000(2026-10-01T23:11:36Z); fileIdInfoOk=false; fileIdInfoError=87; tagOk=false; tagError=87; final=\\?\Z:\media-compare-authority-test\Experiment\Destination\Moved.bin
file-recreate-loop-2-existing-ntfs-adapter	Cannot inspect Windows file attributes (error 87)
file-recreate-loop-3-nio	path=Z:\media-compare-authority-test\Experiment\Destination\Moved.bin; real=Z:\media-compare-authority-test\Experiment\Destination\Moved.bin; key=null; directory=false; regular=true; symlink=false; other=false; size=5; mtime=2026-10-01T23:11:36Z; creation=2026-10-01T23:11:34.49Z; access=2026-10-01T23:11:36Z
file-recreate-loop-3-native	legacyOk=true; legacyError=0; legacySerial=98d16f05; index64=000000a5865c01e0; attributes=00000020; links=1; creation100ns=134353698944900000(2026-10-01T23:11:34.490Z); access100ns=134353698960000000(2026-10-01T23:11:36Z); mtime100ns=134353698960000000(2026-10-01T23:11:36Z); fileIdInfoOk=false; fileIdInfoError=87; tagOk=false; tagError=87; final=\\?\Z:\media-compare-authority-test\Experiment\Destination\Moved.bin
file-recreate-loop-3-existing-ntfs-adapter	Cannot inspect Windows file attributes (error 87)
file-recreate-loop-4-nio	path=Z:\media-compare-authority-test\Experiment\Destination\Moved.bin; real=Z:\media-compare-authority-test\Experiment\Destination\Moved.bin; key=null; directory=false; regular=true; symlink=false; other=false; size=5; mtime=2026-10-01T23:11:36Z; creation=2026-10-01T23:11:34.49Z; access=2026-10-01T23:11:36Z
file-recreate-loop-4-native	legacyOk=true; legacyError=0; legacySerial=98d16f05; index64=000000a5865c0240; attributes=00000020; links=1; creation100ns=134353698944900000(2026-10-01T23:11:34.490Z); access100ns=134353698960000000(2026-10-01T23:11:36Z); mtime100ns=134353698960000000(2026-10-01T23:11:36Z); fileIdInfoOk=false; fileIdInfoError=87; tagOk=false; tagError=87; final=\\?\Z:\media-compare-authority-test\Experiment\Destination\Moved.bin
file-recreate-loop-4-existing-ntfs-adapter	Cannot inspect Windows file attributes (error 87)
file-recreate-loop-5-nio	path=Z:\media-compare-authority-test\Experiment\Destination\Moved.bin; real=Z:\media-compare-authority-test\Experiment\Destination\Moved.bin; key=null; directory=false; regular=true; symlink=false; other=false; size=5; mtime=2026-10-01T23:11:36Z; creation=2026-10-01T23:11:34.49Z; access=2026-10-01T23:11:36Z
file-recreate-loop-5-native	legacyOk=true; legacyError=0; legacySerial=98d16f05; index64=000000a5865c02a0; attributes=00000020; links=1; creation100ns=134353698944900000(2026-10-01T23:11:34.490Z); access100ns=134353698960000000(2026-10-01T23:11:36Z); mtime100ns=134353698960000000(2026-10-01T23:11:36Z); fileIdInfoOk=false; fileIdInfoError=87; tagOk=false; tagError=87; final=\\?\Z:\media-compare-authority-test\Experiment\Destination\Moved.bin
file-recreate-loop-5-existing-ntfs-adapter	Cannot inspect Windows file attributes (error 87)
separate-replacement-before-move-nio	path=Z:\media-compare-authority-test\Experiment\Destination\Replacement.bin; real=Z:\media-compare-authority-test\Experiment\Destination\Replacement.bin; key=null; directory=false; regular=true; symlink=false; other=false; size=5; mtime=2026-10-01T23:11:36Z; creation=2026-10-01T23:11:34.53Z; access=2026-10-01T23:11:36Z
separate-replacement-before-move-native	legacyOk=true; legacyError=0; legacySerial=98d16f05; index64=000000a5865c0300; attributes=00000020; links=1; creation100ns=134353698945300000(2026-10-01T23:11:34.530Z); access100ns=134353698960000000(2026-10-01T23:11:36Z); mtime100ns=134353698960000000(2026-10-01T23:11:36Z); fileIdInfoOk=false; fileIdInfoError=87; tagOk=false; tagError=87; final=\\?\Z:\media-compare-authority-test\Experiment\Destination\Replacement.bin
separate-replacement-before-move-existing-ntfs-adapter	Cannot inspect Windows file attributes (error 87)
separate-replacement-after-move-nio	path=Z:\media-compare-authority-test\Experiment\Destination\Moved.bin; real=Z:\media-compare-authority-test\Experiment\Destination\Moved.bin; key=null; directory=false; regular=true; symlink=false; other=false; size=5; mtime=2026-10-01T23:11:36Z; creation=2026-10-01T23:11:34.49Z; access=2026-10-01T23:11:36Z
separate-replacement-after-move-native	legacyOk=true; legacyError=0; legacySerial=98d16f05; index64=000000a5865c0300; attributes=00000020; links=1; creation100ns=134353698944900000(2026-10-01T23:11:34.490Z); access100ns=134353698960000000(2026-10-01T23:11:36Z); mtime100ns=134353698960000000(2026-10-01T23:11:36Z); fileIdInfoOk=false; fileIdInfoError=87; tagOk=false; tagError=87; final=\\?\Z:\media-compare-authority-test\Experiment\Destination\Moved.bin
separate-replacement-after-move-existing-ntfs-adapter	Cannot inspect Windows file attributes (error 87)
directory-created-nio	path=Z:\media-compare-authority-test\Experiment\OriginalDirectory; real=Z:\media-compare-authority-test\Experiment\OriginalDirectory; key=null; directory=true; regular=false; symlink=false; other=false; size=0; mtime=2026-10-01T23:11:34.53Z; creation=2026-10-01T23:11:34.53Z; access=2026-10-01T23:11:34Z
directory-created-native	legacyOk=true; legacyError=0; legacySerial=98d16f05; index64=000000a5865400c0; attributes=00000010; links=1; creation100ns=134353698945300000(2026-10-01T23:11:34.530Z); access100ns=134353698940000000(2026-10-01T23:11:34Z); mtime100ns=134353698945300000(2026-10-01T23:11:34.530Z); fileIdInfoOk=false; fileIdInfoError=87; tagOk=false; tagError=87; final=\\?\Z:\media-compare-authority-test\Experiment\OriginalDirectory
directory-created-existing-ntfs-adapter	Cannot inspect Windows file attributes (error 87)
directory-reopened-nio	path=Z:\media-compare-authority-test\Experiment\OriginalDirectory; real=Z:\media-compare-authority-test\Experiment\OriginalDirectory; key=null; directory=true; regular=false; symlink=false; other=false; size=0; mtime=2026-10-01T23:11:34.53Z; creation=2026-10-01T23:11:34.53Z; access=2026-10-01T23:11:34Z
directory-reopened-native	legacyOk=true; legacyError=0; legacySerial=98d16f05; index64=000000a5865400c0; attributes=00000010; links=1; creation100ns=134353698945300000(2026-10-01T23:11:34.530Z); access100ns=134353698940000000(2026-10-01T23:11:34Z); mtime100ns=134353698945300000(2026-10-01T23:11:34.530Z); fileIdInfoOk=false; fileIdInfoError=87; tagOk=false; tagError=87; final=\\?\Z:\media-compare-authority-test\Experiment\OriginalDirectory
directory-reopened-existing-ntfs-adapter	Cannot inspect Windows file attributes (error 87)
directory-renamed-nio	path=Z:\media-compare-authority-test\Experiment\RenamedDirectory; real=Z:\media-compare-authority-test\Experiment\RenamedDirectory; key=null; directory=true; regular=false; symlink=false; other=false; size=0; mtime=2026-10-01T23:11:34.53Z; creation=2026-10-01T23:11:34.53Z; access=2026-10-01T23:11:34Z
directory-renamed-native	legacyOk=true; legacyError=0; legacySerial=98d16f05; index64=000000a5865400c0; attributes=00000010; links=1; creation100ns=134353698945300000(2026-10-01T23:11:34.530Z); access100ns=134353698940000000(2026-10-01T23:11:34Z); mtime100ns=134353698945300000(2026-10-01T23:11:34.530Z); fileIdInfoOk=false; fileIdInfoError=87; tagOk=false; tagError=87; final=\\?\Z:\media-compare-authority-test\Experiment\RenamedDirectory
directory-renamed-existing-ntfs-adapter	Cannot inspect Windows file attributes (error 87)
directory-moved-nio	path=Z:\media-compare-authority-test\Experiment\Destination\MovedDirectory; real=Z:\media-compare-authority-test\Experiment\Destination\MovedDirectory; key=null; directory=true; regular=false; symlink=false; other=false; size=0; mtime=2026-10-01T23:11:34.53Z; creation=2026-10-01T23:11:34.53Z; access=2026-10-01T23:11:34Z
directory-moved-native	legacyOk=true; legacyError=0; legacySerial=98d16f05; index64=000000a5865c0360; attributes=00000010; links=1; creation100ns=134353698945300000(2026-10-01T23:11:34.530Z); access100ns=134353698940000000(2026-10-01T23:11:34Z); mtime100ns=134353698945300000(2026-10-01T23:11:34.530Z); fileIdInfoOk=false; fileIdInfoError=87; tagOk=false; tagError=87; final=\\?\Z:\media-compare-authority-test\Experiment\Destination\MovedDirectory
directory-moved-existing-ntfs-adapter	Cannot inspect Windows file attributes (error 87)
directory-delete-recreate-all-times-restored-nio	path=Z:\media-compare-authority-test\Experiment\Destination\MovedDirectory; real=Z:\media-compare-authority-test\Experiment\Destination\MovedDirectory; key=null; directory=true; regular=false; symlink=false; other=false; size=0; mtime=2026-10-01T23:11:36Z; creation=2026-10-01T23:11:34.53Z; access=2026-10-01T23:11:34Z
directory-delete-recreate-all-times-restored-native	legacyOk=true; legacyError=0; legacySerial=98d16f05; index64=000000a5865c03c0; attributes=00000010; links=1; creation100ns=134353698945300000(2026-10-01T23:11:34.530Z); access100ns=134353698940000000(2026-10-01T23:11:34Z); mtime100ns=134353698960000000(2026-10-01T23:11:36Z); fileIdInfoOk=false; fileIdInfoError=87; tagOk=false; tagError=87; final=\\?\Z:\media-compare-authority-test\Experiment\Destination\MovedDirectory
directory-delete-recreate-all-times-restored-existing-ntfs-adapter	Cannot inspect Windows file attributes (error 87)
case-file	equals=true; sameFile=true; real=Z:\media-compare-authority-test\Experiment\MixedCaseDirectory\Example.jpg; realNoFollow=Z:\media-compare-authority-test\Experiment\MixedCaseDirectory\Example.jpg; canonical=Z:\media-compare-authority-test\Experiment\MixedCaseDirectory\Example.jpg
case-directory	equals=true; sameFile=true; real=Z:\media-compare-authority-test\Experiment\MixedCaseDirectory
case-enumeration	[Z:\media-compare-authority-test\Experiment\MixedCaseDirectory\Example.jpg]
case-file-original-nio	path=Z:\media-compare-authority-test\Experiment\MixedCaseDirectory\Example.jpg; real=Z:\media-compare-authority-test\Experiment\MixedCaseDirectory\Example.jpg; key=null; directory=false; regular=true; symlink=false; other=false; size=4; mtime=2026-10-01T23:11:36Z; creation=2026-10-01T23:11:34.59Z; access=2026-10-01T23:11:36Z
case-file-original-native	legacyOk=true; legacyError=0; legacySerial=98d16f05; index64=000000a586640000; attributes=00000020; links=1; creation100ns=134353698945900000(2026-10-01T23:11:34.590Z); access100ns=134353698960000000(2026-10-01T23:11:36Z); mtime100ns=134353698960000000(2026-10-01T23:11:36Z); fileIdInfoOk=false; fileIdInfoError=87; tagOk=false; tagError=87; final=\\?\Z:\media-compare-authority-test\Experiment\MixedCaseDirectory\Example.jpg
case-file-original-existing-ntfs-adapter	Cannot inspect Windows file attributes (error 87)
case-file-alternate-nio	path=Z:\MEDIA-COMPARE-AUTHORITY-TEST\EXPERIMENT\MIXEDCASEDIRECTORY\EXAMPLE.JPG; real=Z:\media-compare-authority-test\Experiment\MixedCaseDirectory\Example.jpg; key=null; directory=false; regular=true; symlink=false; other=false; size=4; mtime=2026-10-01T23:11:36Z; creation=2026-10-01T23:11:34.59Z; access=2026-10-01T23:11:36Z
case-file-alternate-native	legacyOk=true; legacyError=0; legacySerial=98d16f05; index64=000000a586640000; attributes=00000020; links=1; creation100ns=134353698945900000(2026-10-01T23:11:34.590Z); access100ns=134353698960000000(2026-10-01T23:11:36Z); mtime100ns=134353698960000000(2026-10-01T23:11:36Z); fileIdInfoOk=false; fileIdInfoError=87; tagOk=false; tagError=87; final=\\?\Z:\media-compare-authority-test\Experiment\MixedCaseDirectory\Example.jpg
case-file-alternate-existing-ntfs-adapter	Cannot inspect Windows file attributes (error 87)
case-directory-original-nio	path=Z:\media-compare-authority-test\Experiment\MixedCaseDirectory; real=Z:\media-compare-authority-test\Experiment\MixedCaseDirectory; key=null; directory=true; regular=false; symlink=false; other=false; size=0; mtime=2026-10-01T23:11:34.57Z; creation=2026-10-01T23:11:34.57Z; access=2026-10-01T23:11:34Z
case-directory-original-native	legacyOk=true; legacyError=0; legacySerial=98d16f05; index64=000000a586540140; attributes=00000010; links=1; creation100ns=134353698945700000(2026-10-01T23:11:34.570Z); access100ns=134353698940000000(2026-10-01T23:11:34Z); mtime100ns=134353698945700000(2026-10-01T23:11:34.570Z); fileIdInfoOk=false; fileIdInfoError=87; tagOk=false; tagError=87; final=\\?\Z:\media-compare-authority-test\Experiment\MixedCaseDirectory
case-directory-original-existing-ntfs-adapter	Cannot inspect Windows file attributes (error 87)
case-directory-alternate-nio	path=z:\media-compare-authority-test\experiment\mixedcasedirectory; real=Z:\media-compare-authority-test\Experiment\MixedCaseDirectory; key=null; directory=true; regular=false; symlink=false; other=false; size=0; mtime=2026-10-01T23:11:34.57Z; creation=2026-10-01T23:11:34.57Z; access=2026-10-01T23:11:34Z
case-directory-alternate-native	legacyOk=true; legacyError=0; legacySerial=98d16f05; index64=000000a586540140; attributes=00000010; links=1; creation100ns=134353698945700000(2026-10-01T23:11:34.570Z); access100ns=134353698940000000(2026-10-01T23:11:34Z); mtime100ns=134353698945700000(2026-10-01T23:11:34.570Z); fileIdInfoOk=false; fileIdInfoError=87; tagOk=false; tagError=87; final=\\?\Z:\media-compare-authority-test\Experiment\MixedCaseDirectory
case-directory-alternate-existing-ntfs-adapter	Cannot inspect Windows file attributes (error 87)
timestamp-request-2026-01-15T12:34:56Z-nio	path=Z:\media-compare-authority-test\Experiment\Timestamp.bin; real=Z:\media-compare-authority-test\Experiment\Timestamp.bin; key=null; directory=false; regular=true; symlink=false; other=false; size=4; mtime=2026-01-15T12:34:56Z; creation=2026-01-15T12:34:56Z; access=2026-01-15T12:34:56Z
timestamp-request-2026-01-15T12:34:56Z-native	legacyOk=true; legacyError=0; legacySerial=98d16f05; index64=000000a5865401c0; attributes=00000020; links=1; creation100ns=134129540960000000(2026-01-15T12:34:56Z); access100ns=134129540960000000(2026-01-15T12:34:56Z); mtime100ns=134129540960000000(2026-01-15T12:34:56Z); fileIdInfoOk=false; fileIdInfoError=87; tagOk=false; tagError=87; final=\\?\Z:\media-compare-authority-test\Experiment\Timestamp.bin
timestamp-request-2026-01-15T12:34:56Z-existing-ntfs-adapter	Cannot inspect Windows file attributes (error 87)
timestamp-request-2026-01-15T12:34:56.000000001Z-nio	path=Z:\media-compare-authority-test\Experiment\Timestamp.bin; real=Z:\media-compare-authority-test\Experiment\Timestamp.bin; key=null; directory=false; regular=true; symlink=false; other=false; size=4; mtime=2026-01-15T12:34:56Z; creation=2026-01-15T12:34:56Z; access=2026-01-15T12:34:56Z
timestamp-request-2026-01-15T12:34:56.000000001Z-native	legacyOk=true; legacyError=0; legacySerial=98d16f05; index64=000000a5865401c0; attributes=00000020; links=1; creation100ns=134129540960000000(2026-01-15T12:34:56Z); access100ns=134129540960000000(2026-01-15T12:34:56Z); mtime100ns=134129540960000000(2026-01-15T12:34:56Z); fileIdInfoOk=false; fileIdInfoError=87; tagOk=false; tagError=87; final=\\?\Z:\media-compare-authority-test\Experiment\Timestamp.bin
timestamp-request-2026-01-15T12:34:56.000000001Z-existing-ntfs-adapter	Cannot inspect Windows file attributes (error 87)
timestamp-request-2026-01-15T12:34:56.009999999Z-nio	path=Z:\media-compare-authority-test\Experiment\Timestamp.bin; real=Z:\media-compare-authority-test\Experiment\Timestamp.bin; key=null; directory=false; regular=true; symlink=false; other=false; size=4; mtime=2026-01-15T12:34:58Z; creation=2026-01-15T12:34:56Z; access=2026-01-15T12:34:58Z
timestamp-request-2026-01-15T12:34:56.009999999Z-native	legacyOk=true; legacyError=0; legacySerial=98d16f05; index64=000000a5865401c0; attributes=00000020; links=1; creation100ns=134129540960000000(2026-01-15T12:34:56Z); access100ns=134129540980000000(2026-01-15T12:34:58Z); mtime100ns=134129540980000000(2026-01-15T12:34:58Z); fileIdInfoOk=false; fileIdInfoError=87; tagOk=false; tagError=87; final=\\?\Z:\media-compare-authority-test\Experiment\Timestamp.bin
timestamp-request-2026-01-15T12:34:56.009999999Z-existing-ntfs-adapter	Cannot inspect Windows file attributes (error 87)
timestamp-request-2026-01-15T12:34:56.01Z-nio	path=Z:\media-compare-authority-test\Experiment\Timestamp.bin; real=Z:\media-compare-authority-test\Experiment\Timestamp.bin; key=null; directory=false; regular=true; symlink=false; other=false; size=4; mtime=2026-01-15T12:34:58Z; creation=2026-01-15T12:34:56.01Z; access=2026-01-15T12:34:58Z
timestamp-request-2026-01-15T12:34:56.01Z-native	legacyOk=true; legacyError=0; legacySerial=98d16f05; index64=000000a5865401c0; attributes=00000020; links=1; creation100ns=134129540960100000(2026-01-15T12:34:56.010Z); access100ns=134129540980000000(2026-01-15T12:34:58Z); mtime100ns=134129540980000000(2026-01-15T12:34:58Z); fileIdInfoOk=false; fileIdInfoError=87; tagOk=false; tagError=87; final=\\?\Z:\media-compare-authority-test\Experiment\Timestamp.bin
timestamp-request-2026-01-15T12:34:56.01Z-existing-ntfs-adapter	Cannot inspect Windows file attributes (error 87)
timestamp-request-2026-01-15T12:34:56.019999999Z-nio	path=Z:\media-compare-authority-test\Experiment\Timestamp.bin; real=Z:\media-compare-authority-test\Experiment\Timestamp.bin; key=null; directory=false; regular=true; symlink=false; other=false; size=4; mtime=2026-01-15T12:34:58Z; creation=2026-01-15T12:34:56.01Z; access=2026-01-15T12:34:58Z
timestamp-request-2026-01-15T12:34:56.019999999Z-native	legacyOk=true; legacyError=0; legacySerial=98d16f05; index64=000000a5865401c0; attributes=00000020; links=1; creation100ns=134129540960100000(2026-01-15T12:34:56.010Z); access100ns=134129540980000000(2026-01-15T12:34:58Z); mtime100ns=134129540980000000(2026-01-15T12:34:58Z); fileIdInfoOk=false; fileIdInfoError=87; tagOk=false; tagError=87; final=\\?\Z:\media-compare-authority-test\Experiment\Timestamp.bin
timestamp-request-2026-01-15T12:34:56.019999999Z-existing-ntfs-adapter	Cannot inspect Windows file attributes (error 87)
timestamp-request-2026-01-15T12:34:56.123456789Z-nio	path=Z:\media-compare-authority-test\Experiment\Timestamp.bin; real=Z:\media-compare-authority-test\Experiment\Timestamp.bin; key=null; directory=false; regular=true; symlink=false; other=false; size=4; mtime=2026-01-15T12:34:58Z; creation=2026-01-15T12:34:56.12Z; access=2026-01-15T12:34:58Z
timestamp-request-2026-01-15T12:34:56.123456789Z-native	legacyOk=true; legacyError=0; legacySerial=98d16f05; index64=000000a5865401c0; attributes=00000020; links=1; creation100ns=134129540961200000(2026-01-15T12:34:56.120Z); access100ns=134129540980000000(2026-01-15T12:34:58Z); mtime100ns=134129540980000000(2026-01-15T12:34:58Z); fileIdInfoOk=false; fileIdInfoError=87; tagOk=false; tagError=87; final=\\?\Z:\media-compare-authority-test\Experiment\Timestamp.bin
timestamp-request-2026-01-15T12:34:56.123456789Z-existing-ntfs-adapter	Cannot inspect Windows file attributes (error 87)
timestamp-request-2026-01-15T12:34:56.999999999Z-nio	path=Z:\media-compare-authority-test\Experiment\Timestamp.bin; real=Z:\media-compare-authority-test\Experiment\Timestamp.bin; key=null; directory=false; regular=true; symlink=false; other=false; size=4; mtime=2026-01-15T12:34:58Z; creation=2026-01-15T12:34:56.99Z; access=2026-01-15T12:34:58Z
timestamp-request-2026-01-15T12:34:56.999999999Z-native	legacyOk=true; legacyError=0; legacySerial=98d16f05; index64=000000a5865401c0; attributes=00000020; links=1; creation100ns=134129540969900000(2026-01-15T12:34:56.990Z); access100ns=134129540980000000(2026-01-15T12:34:58Z); mtime100ns=134129540980000000(2026-01-15T12:34:58Z); fileIdInfoOk=false; fileIdInfoError=87; tagOk=false; tagError=87; final=\\?\Z:\media-compare-authority-test\Experiment\Timestamp.bin
timestamp-request-2026-01-15T12:34:56.999999999Z-existing-ntfs-adapter	Cannot inspect Windows file attributes (error 87)
timestamp-request-2026-01-15T12:34:57Z-nio	path=Z:\media-compare-authority-test\Experiment\Timestamp.bin; real=Z:\media-compare-authority-test\Experiment\Timestamp.bin; key=null; directory=false; regular=true; symlink=false; other=false; size=4; mtime=2026-01-15T12:34:58Z; creation=2026-01-15T12:34:57Z; access=2026-01-15T12:34:58Z
timestamp-request-2026-01-15T12:34:57Z-native	legacyOk=true; legacyError=0; legacySerial=98d16f05; index64=000000a5865401c0; attributes=00000020; links=1; creation100ns=134129540970000000(2026-01-15T12:34:57Z); access100ns=134129540980000000(2026-01-15T12:34:58Z); mtime100ns=134129540980000000(2026-01-15T12:34:58Z); fileIdInfoOk=false; fileIdInfoError=87; tagOk=false; tagError=87; final=\\?\Z:\media-compare-authority-test\Experiment\Timestamp.bin
timestamp-request-2026-01-15T12:34:57Z-existing-ntfs-adapter	Cannot inspect Windows file attributes (error 87)
timestamp-request-2026-01-15T12:34:57.001Z-nio	path=Z:\media-compare-authority-test\Experiment\Timestamp.bin; real=Z:\media-compare-authority-test\Experiment\Timestamp.bin; key=null; directory=false; regular=true; symlink=false; other=false; size=4; mtime=2026-01-15T12:34:58Z; creation=2026-01-15T12:34:57Z; access=2026-01-15T12:34:58Z
timestamp-request-2026-01-15T12:34:57.001Z-native	legacyOk=true; legacyError=0; legacySerial=98d16f05; index64=000000a5865401c0; attributes=00000020; links=1; creation100ns=134129540970000000(2026-01-15T12:34:57Z); access100ns=134129540980000000(2026-01-15T12:34:58Z); mtime100ns=134129540980000000(2026-01-15T12:34:58Z); fileIdInfoOk=false; fileIdInfoError=87; tagOk=false; tagError=87; final=\\?\Z:\media-compare-authority-test\Experiment\Timestamp.bin
timestamp-request-2026-01-15T12:34:57.001Z-existing-ntfs-adapter	Cannot inspect Windows file attributes (error 87)
timestamp-request-2026-01-15T12:34:57.999999999Z-nio	path=Z:\media-compare-authority-test\Experiment\Timestamp.bin; real=Z:\media-compare-authority-test\Experiment\Timestamp.bin; key=null; directory=false; regular=true; symlink=false; other=false; size=4; mtime=2026-01-15T12:34:58Z; creation=2026-01-15T12:34:57.99Z; access=2026-01-15T12:34:58Z
timestamp-request-2026-01-15T12:34:57.999999999Z-native	legacyOk=true; legacyError=0; legacySerial=98d16f05; index64=000000a5865401c0; attributes=00000020; links=1; creation100ns=134129540979900000(2026-01-15T12:34:57.990Z); access100ns=134129540980000000(2026-01-15T12:34:58Z); mtime100ns=134129540980000000(2026-01-15T12:34:58Z); fileIdInfoOk=false; fileIdInfoError=87; tagOk=false; tagError=87; final=\\?\Z:\media-compare-authority-test\Experiment\Timestamp.bin
timestamp-request-2026-01-15T12:34:57.999999999Z-existing-ntfs-adapter	Cannot inspect Windows file attributes (error 87)
timestamp-before-read-nio	path=Z:\media-compare-authority-test\Experiment\Timestamp.bin; real=Z:\media-compare-authority-test\Experiment\Timestamp.bin; key=null; directory=false; regular=true; symlink=false; other=false; size=4; mtime=2026-01-15T12:34:58Z; creation=2026-01-15T12:34:57.12Z; access=2026-01-15T12:34:58Z
timestamp-before-read-native	legacyOk=true; legacyError=0; legacySerial=98d16f05; index64=000000a5865401c0; attributes=00000020; links=1; creation100ns=134129540971200000(2026-01-15T12:34:57.120Z); access100ns=134129540980000000(2026-01-15T12:34:58Z); mtime100ns=134129540980000000(2026-01-15T12:34:58Z); fileIdInfoOk=false; fileIdInfoError=87; tagOk=false; tagError=87; final=\\?\Z:\media-compare-authority-test\Experiment\Timestamp.bin
timestamp-before-read-existing-ntfs-adapter	Cannot inspect Windows file attributes (error 87)
timestamp-after-read-nio	path=Z:\media-compare-authority-test\Experiment\Timestamp.bin; real=Z:\media-compare-authority-test\Experiment\Timestamp.bin; key=null; directory=false; regular=true; symlink=false; other=false; size=4; mtime=2026-01-15T12:34:58Z; creation=2026-01-15T12:34:57.12Z; access=2026-01-15T12:34:58Z
timestamp-after-read-native	legacyOk=true; legacyError=0; legacySerial=98d16f05; index64=000000a5865401c0; attributes=00000020; links=1; creation100ns=134129540971200000(2026-01-15T12:34:57.120Z); access100ns=134129540980000000(2026-01-15T12:34:58Z); mtime100ns=134129540980000000(2026-01-15T12:34:58Z); fileIdInfoOk=false; fileIdInfoError=87; tagOk=false; tagError=87; final=\\?\Z:\media-compare-authority-test\Experiment\Timestamp.bin
timestamp-after-read-existing-ntfs-adapter	Cannot inspect Windows file attributes (error 87)
timestamp-after-read-delayed-nio	path=Z:\media-compare-authority-test\Experiment\Timestamp.bin; real=Z:\media-compare-authority-test\Experiment\Timestamp.bin; key=null; directory=false; regular=true; symlink=false; other=false; size=4; mtime=2026-01-15T12:34:58Z; creation=2026-01-15T12:34:57.12Z; access=2026-01-15T12:34:58Z
timestamp-after-read-delayed-native	legacyOk=true; legacyError=0; legacySerial=98d16f05; index64=000000a5865401c0; attributes=00000020; links=1; creation100ns=134129540971200000(2026-01-15T12:34:57.120Z); access100ns=134129540980000000(2026-01-15T12:34:58Z); mtime100ns=134129540980000000(2026-01-15T12:34:58Z); fileIdInfoOk=false; fileIdInfoError=87; tagOk=false; tagError=87; final=\\?\Z:\media-compare-authority-test\Experiment\Timestamp.bin
timestamp-after-read-delayed-existing-ntfs-adapter	Cannot inspect Windows file attributes (error 87)
timestamp-copy-attributes-nio	path=Z:\media-compare-authority-test\Experiment\Copied.bin; real=Z:\media-compare-authority-test\Experiment\Copied.bin; key=null; directory=false; regular=true; symlink=false; other=false; size=4; mtime=2026-01-15T12:34:58Z; creation=2026-10-01T23:11:35.73Z; access=2026-10-01T23:11:34Z
timestamp-copy-attributes-native	legacyOk=true; legacyError=0; legacySerial=98d16f05; index64=000000a586540220; attributes=00000020; links=1; creation100ns=134353698957300000(2026-10-01T23:11:35.730Z); access100ns=134353698940000000(2026-10-01T23:11:34Z); mtime100ns=134129540980000000(2026-01-15T12:34:58Z); fileIdInfoOk=false; fileIdInfoError=87; tagOk=false; tagError=87; final=\\?\Z:\media-compare-authority-test\Experiment\Copied.bin
timestamp-copy-attributes-existing-ntfs-adapter	Cannot inspect Windows file attributes (error 87)
timestamp-after-write-nio	path=Z:\media-compare-authority-test\Experiment\Timestamp.bin; real=Z:\media-compare-authority-test\Experiment\Timestamp.bin; key=null; directory=false; regular=true; symlink=false; other=false; size=4; mtime=2026-10-01T23:11:36Z; creation=2026-01-15T12:34:57.12Z; access=2026-10-01T23:11:36Z
timestamp-after-write-native	legacyOk=true; legacyError=0; legacySerial=98d16f05; index64=000000a5865401c0; attributes=00000020; links=1; creation100ns=134129540971200000(2026-01-15T12:34:57.120Z); access100ns=134353698960000000(2026-10-01T23:11:36Z); mtime100ns=134353698960000000(2026-10-01T23:11:36Z); fileIdInfoOk=false; fileIdInfoError=87; tagOk=false; tagError=87; final=\\?\Z:\media-compare-authority-test\Experiment\Timestamp.bin
timestamp-after-write-existing-ntfs-adapter	Cannot inspect Windows file attributes (error 87)
timestamp-copy-default-nio	path=Z:\media-compare-authority-test\Experiment\PlainCopy.bin; real=Z:\media-compare-authority-test\Experiment\PlainCopy.bin; key=null; directory=false; regular=true; symlink=false; other=false; size=4; mtime=2026-10-01T23:11:36Z; creation=2026-10-01T23:11:35.74Z; access=2026-10-01T23:11:34Z
timestamp-copy-default-native	legacyOk=true; legacyError=0; legacySerial=98d16f05; index64=000000a586540280; attributes=00000020; links=1; creation100ns=134353698957400000(2026-10-01T23:11:35.740Z); access100ns=134353698940000000(2026-10-01T23:11:34Z); mtime100ns=134353698960000000(2026-10-01T23:11:36Z); fileIdInfoOk=false; fileIdInfoError=87; tagOk=false; tagError=87; final=\\?\Z:\media-compare-authority-test\Experiment\PlainCopy.bin
timestamp-copy-default-existing-ntfs-adapter	Cannot inspect Windows file attributes (error 87)
exfat-file-symlink-unavailable	FileSystemException: Z:\media-compare-authority-test\Experiment\FileLink: Incorrect function
exfat-directory-symlink-unavailable	FileSystemException: Z:\media-compare-authority-test\Experiment\DirectoryLink: Incorrect function
exfat-junction-command	exit=1; Local NTFS volumes are required to complete the operation.
ntfs-alias-store	NTFS
ntfs-junction-into-exfat-command	exit=0; Junction created for D:\Dev\projects\ai-projects\media-compare\backend\target\exfat-alias-6372103384098783816\IntoExfat <<===>> Z:\media-compare-authority-test\Experiment\AliasTarget
ntfs-junction-into-exfat-alias-nio	path=D:\Dev\projects\ai-projects\media-compare\backend\target\exfat-alias-6372103384098783816\IntoExfat; real=Z:\media-compare-authority-test\Experiment\AliasTarget; key=null; directory=true; regular=false; symlink=false; other=true; size=0; mtime=2026-10-01T23:11:35.9034592Z; creation=2026-10-01T23:11:35.9034592Z; access=2026-10-01T23:11:35.9034592Z
ntfs-junction-into-exfat-alias-native	legacyOk=true; legacyError=0; legacySerial=b08a378c; index64=000400000002b020; attributes=00000410; links=1; creation100ns=134353698959034592(2026-10-01T23:11:35.903459200Z); access100ns=134353698959034592(2026-10-01T23:11:35.903459200Z); mtime100ns=134353698959034592(2026-10-01T23:11:35.903459200Z); fileIdInfoOk=true; fileIdInfoError=0; serial64=50b08a4bb08a378c; id128Raw=20b00200000004000000000000000000; tagOk=true; tagError=0; tagAttributes=00000410; reparseTag=a0000003; final=\\?\D:\Dev\projects\ai-projects\media-compare\backend\target\exfat-alias-6372103384098783816\IntoExfat
ntfs-junction-into-exfat-alias-existing-ntfs-adapter	Observation[identity=null, directory=true, reparsePoint=true]
ntfs-junction-into-exfat-resolved	real=Z:\media-compare-authority-test\Experiment\AliasTarget; noFollow=D:\Dev\projects\ai-projects\media-compare\backend\target\exfat-alias-6372103384098783816\IntoExfat; sameFile=true
ntfs-junction-into-exfat-descendant-nio	path=D:\Dev\projects\ai-projects\media-compare\backend\target\exfat-alias-6372103384098783816\IntoExfat\Target.bin; real=Z:\media-compare-authority-test\Experiment\AliasTarget\Target.bin; key=null; directory=false; regular=true; symlink=false; other=false; size=6; mtime=2026-10-01T23:11:36Z; creation=2026-10-01T23:11:35.79Z; access=2026-10-01T23:11:36Z
ntfs-junction-into-exfat-descendant-native	legacyOk=true; legacyError=0; legacySerial=98d16f05; index64=000000a586780000; attributes=00000020; links=1; creation100ns=134353698957900000(2026-10-01T23:11:35.790Z); access100ns=134353698960000000(2026-10-01T23:11:36Z); mtime100ns=134353698960000000(2026-10-01T23:11:36Z); fileIdInfoOk=false; fileIdInfoError=87; tagOk=false; tagError=87; final=\\?\Z:\media-compare-authority-test\Experiment\AliasTarget\Target.bin
ntfs-junction-into-exfat-descendant-existing-ntfs-adapter	Cannot inspect Windows file attributes (error 87)
ntfs-junction-into-exfat-overlap	REJECTED
ntfs-junction-into-exfat-missing-overlap	REJECTED
ntfs-session-exfat-source	ALLOWED
exfat-session-ntfs-source	ALLOWED
exfat-equal	REJECTED
exfat-alternate-case	REJECTED
exfat-parent	REJECTED
exfat-missing-child	REJECTED
exfat-drive-root	REJECTED
exfat-separate-sibling	ALLOWED
retained-directory-nio	path=Z:\media-compare-authority-test\RemountEvidence; real=Z:\media-compare-authority-test\RemountEvidence; key=null; directory=true; regular=false; symlink=false; other=false; size=0; mtime=2026-10-01T23:11:35.93Z; creation=2026-10-01T23:11:35.93Z; access=2026-10-01T23:11:34Z
retained-directory-native	legacyOk=true; legacyError=0; legacySerial=98d16f05; index64=000000a5864c00c0; attributes=00000010; links=1; creation100ns=134353698959300000(2026-10-01T23:11:35.930Z); access100ns=134353698940000000(2026-10-01T23:11:34Z); mtime100ns=134353698959300000(2026-10-01T23:11:35.930Z); fileIdInfoOk=false; fileIdInfoError=87; tagOk=false; tagError=87; final=\\?\Z:\media-compare-authority-test\RemountEvidence
retained-directory-existing-ntfs-adapter	Cannot inspect Windows file attributes (error 87)
retained-file-nio	path=Z:\media-compare-authority-test\RemountEvidence\Stable.bin; real=Z:\media-compare-authority-test\RemountEvidence\Stable.bin; key=null; directory=false; regular=true; symlink=false; other=false; size=16; mtime=2026-10-01T23:11:38Z; creation=2026-10-01T23:11:36Z; access=2026-10-01T23:11:38Z
retained-file-native	legacyOk=true; legacyError=0; legacySerial=98d16f05; index64=000000a586540000; attributes=00000020; links=1; creation100ns=134353698960000000(2026-10-01T23:11:36Z); access100ns=134353698980000000(2026-10-01T23:11:38Z); mtime100ns=134353698980000000(2026-10-01T23:11:38Z); fileIdInfoOk=false; fileIdInfoError=87; tagOk=false; tagError=87; final=\\?\Z:\media-compare-authority-test\RemountEvidence\Stable.bin
retained-file-existing-ntfs-adapter	Cannot inspect Windows file attributes (error 87)
resume-directory-nio	path=Z:\media-compare-authority-test\RemountEvidence; real=Z:\media-compare-authority-test\RemountEvidence; key=null; directory=true; regular=false; symlink=false; other=false; size=0; mtime=2026-10-01T23:11:35.93Z; creation=2026-10-01T23:11:35.93Z; access=2026-10-01T23:11:34Z
resume-directory-native	legacyOk=true; legacyError=0; legacySerial=98d16f05; index64=000000a5864c00c0; attributes=00000010; links=1; creation100ns=134353698959300000(2026-10-01T23:11:35.930Z); access100ns=134353698940000000(2026-10-01T23:11:34Z); mtime100ns=134353698959300000(2026-10-01T23:11:35.930Z); fileIdInfoOk=false; fileIdInfoError=87; tagOk=false; tagError=87; final=\\?\Z:\media-compare-authority-test\RemountEvidence
resume-directory-existing-ntfs-adapter	Cannot inspect Windows file attributes (error 87)
resume-compare-directory	before=legacySerial=98d16f05; index64=000000a5864c00c0; now=legacySerial=98d16f05; index64=000000a5864c00c0; equal=true
resume-root-nio	path=Z:\; real=Z:\; key=null; directory=true; regular=false; symlink=false; other=false; size=0; mtime=1980-01-01T04:00:00Z; creation=1980-01-01T04:00:00Z; access=1980-01-01T04:00:00Z
resume-root-native	legacyOk=true; legacyError=0; legacySerial=98d16f05; index64=0000000000000000; attributes=00000010; links=1; creation100ns=119600208000000000(1980-01-01T04:00:00Z); access100ns=119600208000000000(1980-01-01T04:00:00Z); mtime100ns=119600208000000000(1980-01-01T04:00:00Z); fileIdInfoOk=false; fileIdInfoError=87; tagOk=false; tagError=87; final=\\?\Z:\
resume-root-existing-ntfs-adapter	Cannot inspect Windows file attributes (error 87)
resume-compare-root	before=legacySerial=98d16f05; index64=0000000000000000; now=legacySerial=98d16f05; index64=0000000000000000; equal=true
resume-file-nio	path=Z:\media-compare-authority-test\RemountEvidence\Stable.bin; real=Z:\media-compare-authority-test\RemountEvidence\Stable.bin; key=null; directory=false; regular=true; symlink=false; other=false; size=16; mtime=2026-10-01T23:11:38Z; creation=2026-10-01T23:11:36Z; access=2026-10-01T23:11:38Z
resume-file-native	legacyOk=true; legacyError=0; legacySerial=98d16f05; index64=000000a586540000; attributes=00000020; links=1; creation100ns=134353698960000000(2026-10-01T23:11:36Z); access100ns=134353698980000000(2026-10-01T23:11:38Z); mtime100ns=134353698980000000(2026-10-01T23:11:38Z); fileIdInfoOk=false; fileIdInfoError=87; tagOk=false; tagError=87; final=\\?\Z:\media-compare-authority-test\RemountEvidence\Stable.bin
resume-file-existing-ntfs-adapter	Cannot inspect Windows file attributes (error 87)
resume-compare-file	before=legacySerial=98d16f05; index64=000000a586540000; now=legacySerial=98d16f05; index64=000000a586540000; equal=true
resume-content	expectedBytes=true; mtimeEqual=true
retained	Z:\media-compare-authority-test; all experimental files removed; only marked remount evidence retained

===== exfat-followup.log =====
environment	os=Windows 10; version=10.0; java=21.0.12.1; timezone=America/New_York
volume	device=\Device\VeraCryptVolumeZ; nativeFs=exFAT; label=; serial=98d16f05; maximumComponent=255; flags=00020206
nio-store	name=; type=exFAT; text=(Z:); total=1099492491264; readOnly=false; basic=true; dos=true; acl=false; posix=false
volume-guid	\\?\Volume{5b22bd93-5d21-11ec-bf63-7085c24c9111}\
volume-root-nio	path=Z:\; real=Z:\; key=null; directory=true; regular=false; symlink=false; other=false; size=0; mtime=1980-01-01T04:00:00Z; creation=1980-01-01T04:00:00Z; access=1980-01-01T04:00:00Z
volume-root-native	legacyOk=true; legacyError=0; legacySerial=98d16f05; index64=0000000000000000; attributes=00000010; links=1; creation100ns=119600208000000000(1980-01-01T04:00:00Z); access100ns=119600208000000000(1980-01-01T04:00:00Z); mtime100ns=119600208000000000(1980-01-01T04:00:00Z); fileIdInfoOk=false; fileIdInfoError=87; tagOk=false; tagError=87; final=\\?\Z:\
volume-root-existing-ntfs-adapter	Cannot inspect Windows file attributes (error 87)
long-rename-before-nio	path=Z:\media-compare-authority-test\Experiment\Short.bin; real=Z:\media-compare-authority-test\Experiment\Short.bin; key=null; directory=false; regular=true; symlink=false; other=false; size=5; mtime=2026-10-01T23:13:10Z; creation=2026-10-01T23:13:09.72Z; access=2026-10-01T23:13:10Z
long-rename-before-native	legacyOk=true; legacyError=0; legacySerial=98d16f05; index64=000000a586600000; attributes=00000020; links=1; creation100ns=134353699897200000(2026-10-01T23:13:09.720Z); access100ns=134353699900000000(2026-10-01T23:13:10Z); mtime100ns=134353699900000000(2026-10-01T23:13:10Z); fileIdInfoOk=false; fileIdInfoError=87; tagOk=false; tagError=87; final=\\?\Z:\media-compare-authority-test\Experiment\Short.bin
long-rename-before-existing-ntfs-adapter	Cannot inspect Windows file attributes (error 87)
long-rename-after-nio	path=Z:\media-compare-authority-test\Experiment\A much longer filename with more directory entries.bin; real=Z:\media-compare-authority-test\Experiment\A much longer filename with more directory entries.bin; key=null; directory=false; regular=true; symlink=false; other=false; size=5; mtime=2026-10-01T23:13:10Z; creation=2026-10-01T23:13:09.72Z; access=2026-10-01T23:13:10Z
long-rename-after-native	legacyOk=true; legacyError=0; legacySerial=98d16f05; index64=000000a586600060; attributes=00000020; links=1; creation100ns=134353699897200000(2026-10-01T23:13:09.720Z); access100ns=134353699900000000(2026-10-01T23:13:10Z); mtime100ns=134353699900000000(2026-10-01T23:13:10Z); fileIdInfoOk=false; fileIdInfoError=87; tagOk=false; tagError=87; final=\\?\Z:\media-compare-authority-test\Experiment\A much longer filename with more directory entries.bin
long-rename-after-existing-ntfs-adapter	Cannot inspect Windows file attributes (error 87)
delayed-recreate-nio	path=Z:\media-compare-authority-test\Experiment\A much longer filename with more directory entries.bin; real=Z:\media-compare-authority-test\Experiment\A much longer filename with more directory entries.bin; key=null; directory=false; regular=true; symlink=false; other=false; size=5; mtime=2026-10-01T23:13:26Z; creation=2026-10-01T23:13:25.74Z; access=2026-10-01T23:13:26Z
delayed-recreate-native	legacyOk=true; legacyError=0; legacySerial=98d16f05; index64=000000a586600120; attributes=00000020; links=1; creation100ns=134353700057400000(2026-10-01T23:13:25.740Z); access100ns=134353700060000000(2026-10-01T23:13:26Z); mtime100ns=134353700060000000(2026-10-01T23:13:26Z); fileIdInfoOk=false; fileIdInfoError=87; tagOk=false; tagError=87; final=\\?\Z:\media-compare-authority-test\Experiment\A much longer filename with more directory entries.bin
delayed-recreate-existing-ntfs-adapter	Cannot inspect Windows file attributes (error 87)
SetFileTime	requested=2026-01-15T12:34:56.000000001Z; success=true; error=0
native-timestamp-request-2026-01-15T12:34:56.000000001Z-nio	path=Z:\media-compare-authority-test\Experiment\A much longer filename with more directory entries.bin; real=Z:\media-compare-authority-test\Experiment\A much longer filename with more directory entries.bin; key=null; directory=false; regular=true; symlink=false; other=false; size=5; mtime=2026-01-15T12:34:56Z; creation=2026-01-15T12:34:56Z; access=2026-01-15T12:34:56Z
native-timestamp-request-2026-01-15T12:34:56.000000001Z-native	legacyOk=true; legacyError=0; legacySerial=98d16f05; index64=000000a586600120; attributes=00000020; links=1; creation100ns=134129540960000000(2026-01-15T12:34:56Z); access100ns=134129540960000000(2026-01-15T12:34:56Z); mtime100ns=134129540960000000(2026-01-15T12:34:56Z); fileIdInfoOk=false; fileIdInfoError=87; tagOk=false; tagError=87; final=\\?\Z:\media-compare-authority-test\Experiment\A much longer filename with more directory entries.bin
native-timestamp-request-2026-01-15T12:34:56.000000001Z-existing-ntfs-adapter	Cannot inspect Windows file attributes (error 87)
SetFileTime	requested=2026-01-15T12:34:56.009999999Z; success=true; error=0
native-timestamp-request-2026-01-15T12:34:56.009999999Z-nio	path=Z:\media-compare-authority-test\Experiment\A much longer filename with more directory entries.bin; real=Z:\media-compare-authority-test\Experiment\A much longer filename with more directory entries.bin; key=null; directory=false; regular=true; symlink=false; other=false; size=5; mtime=2026-01-15T12:34:58Z; creation=2026-01-15T12:34:56Z; access=2026-01-15T12:34:58Z
native-timestamp-request-2026-01-15T12:34:56.009999999Z-native	legacyOk=true; legacyError=0; legacySerial=98d16f05; index64=000000a586600120; attributes=00000020; links=1; creation100ns=134129540960000000(2026-01-15T12:34:56Z); access100ns=134129540980000000(2026-01-15T12:34:58Z); mtime100ns=134129540980000000(2026-01-15T12:34:58Z); fileIdInfoOk=false; fileIdInfoError=87; tagOk=false; tagError=87; final=\\?\Z:\media-compare-authority-test\Experiment\A much longer filename with more directory entries.bin
native-timestamp-request-2026-01-15T12:34:56.009999999Z-existing-ntfs-adapter	Cannot inspect Windows file attributes (error 87)
SetFileTime	requested=2026-01-15T12:34:56.010Z; success=true; error=0
native-timestamp-request-2026-01-15T12:34:56.010Z-nio	path=Z:\media-compare-authority-test\Experiment\A much longer filename with more directory entries.bin; real=Z:\media-compare-authority-test\Experiment\A much longer filename with more directory entries.bin; key=null; directory=false; regular=true; symlink=false; other=false; size=5; mtime=2026-01-15T12:34:58Z; creation=2026-01-15T12:34:56.01Z; access=2026-01-15T12:34:58Z
native-timestamp-request-2026-01-15T12:34:56.010Z-native	legacyOk=true; legacyError=0; legacySerial=98d16f05; index64=000000a586600120; attributes=00000020; links=1; creation100ns=134129540960100000(2026-01-15T12:34:56.010Z); access100ns=134129540980000000(2026-01-15T12:34:58Z); mtime100ns=134129540980000000(2026-01-15T12:34:58Z); fileIdInfoOk=false; fileIdInfoError=87; tagOk=false; tagError=87; final=\\?\Z:\media-compare-authority-test\Experiment\A much longer filename with more directory entries.bin
native-timestamp-request-2026-01-15T12:34:56.010Z-existing-ntfs-adapter	Cannot inspect Windows file attributes (error 87)
SetFileTime	requested=2026-01-15T12:34:56.123456789Z; success=true; error=0
native-timestamp-request-2026-01-15T12:34:56.123456789Z-nio	path=Z:\media-compare-authority-test\Experiment\A much longer filename with more directory entries.bin; real=Z:\media-compare-authority-test\Experiment\A much longer filename with more directory entries.bin; key=null; directory=false; regular=true; symlink=false; other=false; size=5; mtime=2026-01-15T12:34:58Z; creation=2026-01-15T12:34:56.12Z; access=2026-01-15T12:34:58Z
native-timestamp-request-2026-01-15T12:34:56.123456789Z-native	legacyOk=true; legacyError=0; legacySerial=98d16f05; index64=000000a586600120; attributes=00000020; links=1; creation100ns=134129540961200000(2026-01-15T12:34:56.120Z); access100ns=134129540980000000(2026-01-15T12:34:58Z); mtime100ns=134129540980000000(2026-01-15T12:34:58Z); fileIdInfoOk=false; fileIdInfoError=87; tagOk=false; tagError=87; final=\\?\Z:\media-compare-authority-test\Experiment\A much longer filename with more directory entries.bin
native-timestamp-request-2026-01-15T12:34:56.123456789Z-existing-ntfs-adapter	Cannot inspect Windows file attributes (error 87)
SetFileTime	requested=2026-01-15T12:34:57.123456789Z; success=true; error=0
native-timestamp-request-2026-01-15T12:34:57.123456789Z-nio	path=Z:\media-compare-authority-test\Experiment\A much longer filename with more directory entries.bin; real=Z:\media-compare-authority-test\Experiment\A much longer filename with more directory entries.bin; key=null; directory=false; regular=true; symlink=false; other=false; size=5; mtime=2026-01-15T12:34:58Z; creation=2026-01-15T12:34:57.12Z; access=2026-01-15T12:34:58Z
native-timestamp-request-2026-01-15T12:34:57.123456789Z-native	legacyOk=true; legacyError=0; legacySerial=98d16f05; index64=000000a586600120; attributes=00000020; links=1; creation100ns=134129540971200000(2026-01-15T12:34:57.120Z); access100ns=134129540980000000(2026-01-15T12:34:58Z); mtime100ns=134129540980000000(2026-01-15T12:34:58Z); fileIdInfoOk=false; fileIdInfoError=87; tagOk=false; tagError=87; final=\\?\Z:\media-compare-authority-test\Experiment\A much longer filename with more directory entries.bin
native-timestamp-request-2026-01-15T12:34:57.123456789Z-existing-ntfs-adapter	Cannot inspect Windows file attributes (error 87)
exfat-file-symlink-unavailable	FileSystemException: Z:\media-compare-authority-test\Experiment\FileLink: Incorrect function
exfat-directory-symlink-unavailable	FileSystemException: Z:\media-compare-authority-test\Experiment\DirectoryLink: Incorrect function
exfat-junction-command	exit=1; Local NTFS volumes are required to complete the operation.
ntfs-alias-store	NTFS
ntfs-file-symlink-into-exfat-unavailable	FileSystemException: D:\Dev\projects\ai-projects\media-compare\backend\target\exfat-alias-3718135551738871809\FileLink: A required privilege is not held by the client
ntfs-directory-symlink-into-exfat-unavailable	FileSystemException: D:\Dev\projects\ai-projects\media-compare\backend\target\exfat-alias-3718135551738871809\DirectoryLink: A required privilege is not held by the client
ntfs-junction-into-exfat-command	exit=0; Junction created for D:\Dev\projects\ai-projects\media-compare\backend\target\exfat-alias-3718135551738871809\IntoExfat <<===>> Z:\media-compare-authority-test\Experiment\AliasTarget
ntfs-junction-into-exfat-alias-nio	path=D:\Dev\projects\ai-projects\media-compare\backend\target\exfat-alias-3718135551738871809\IntoExfat; real=Z:\media-compare-authority-test\Experiment\AliasTarget; key=null; directory=true; regular=false; symlink=false; other=true; size=0; mtime=2026-10-01T23:13:26.2362735Z; creation=2026-10-01T23:13:26.2362735Z; access=2026-10-01T23:13:26.2362735Z
ntfs-junction-into-exfat-alias-native	legacyOk=true; legacyError=0; legacySerial=b08a378c; index64=000600000002b022; attributes=00000410; links=1; creation100ns=134353700062362735(2026-10-01T23:13:26.236273500Z); access100ns=134353700062362735(2026-10-01T23:13:26.236273500Z); mtime100ns=134353700062362735(2026-10-01T23:13:26.236273500Z); fileIdInfoOk=true; fileIdInfoError=0; serial64=50b08a4bb08a378c; id128Raw=22b00200000006000000000000000000; tagOk=true; tagError=0; tagAttributes=00000410; reparseTag=a0000003; final=\\?\D:\Dev\projects\ai-projects\media-compare\backend\target\exfat-alias-3718135551738871809\IntoExfat
ntfs-junction-into-exfat-alias-existing-ntfs-adapter	Observation[identity=null, directory=true, reparsePoint=true]
ntfs-junction-into-exfat-resolved	real=Z:\media-compare-authority-test\Experiment\AliasTarget; noFollow=D:\Dev\projects\ai-projects\media-compare\backend\target\exfat-alias-3718135551738871809\IntoExfat; sameFile=true
ntfs-junction-into-exfat-descendant-nio	path=D:\Dev\projects\ai-projects\media-compare\backend\target\exfat-alias-3718135551738871809\IntoExfat\Target.bin; real=Z:\media-compare-authority-test\Experiment\AliasTarget\Target.bin; key=null; directory=false; regular=true; symlink=false; other=false; size=6; mtime=2026-10-01T23:13:28Z; creation=2026-10-01T23:13:26.12Z; access=2026-10-01T23:13:28Z
ntfs-junction-into-exfat-descendant-native	legacyOk=true; legacyError=0; legacySerial=98d16f05; index64=000000a586680000; attributes=00000020; links=1; creation100ns=134353700061200000(2026-10-01T23:13:26.120Z); access100ns=134353700080000000(2026-10-01T23:13:28Z); mtime100ns=134353700080000000(2026-10-01T23:13:28Z); fileIdInfoOk=false; fileIdInfoError=87; tagOk=false; tagError=87; final=\\?\Z:\media-compare-authority-test\Experiment\AliasTarget\Target.bin
ntfs-junction-into-exfat-descendant-existing-ntfs-adapter	Cannot inspect Windows file attributes (error 87)
ntfs-junction-into-exfat-overlap	REJECTED
ntfs-junction-into-exfat-missing-overlap	REJECTED
ntfs-session-exfat-source	ALLOWED
exfat-session-ntfs-source	ALLOWED
exfat-equal	REJECTED
exfat-alternate-case	REJECTED
exfat-parent	REJECTED
exfat-missing-child	REJECTED
exfat-drive-root	REJECTED
exfat-separate-sibling	ALLOWED
reopen-control	16 pairs of legacy-identity opens equal
resume-directory-nio	path=Z:\media-compare-authority-test\RemountEvidence; real=Z:\media-compare-authority-test\RemountEvidence; key=null; directory=true; regular=false; symlink=false; other=false; size=0; mtime=2026-10-01T23:11:35.93Z; creation=2026-10-01T23:11:35.93Z; access=2026-10-01T23:11:34Z
resume-directory-native	legacyOk=true; legacyError=0; legacySerial=98d16f05; index64=000000a5864c00c0; attributes=00000010; links=1; creation100ns=134353698959300000(2026-10-01T23:11:35.930Z); access100ns=134353698940000000(2026-10-01T23:11:34Z); mtime100ns=134353698959300000(2026-10-01T23:11:35.930Z); fileIdInfoOk=false; fileIdInfoError=87; tagOk=false; tagError=87; final=\\?\Z:\media-compare-authority-test\RemountEvidence
resume-directory-existing-ntfs-adapter	Cannot inspect Windows file attributes (error 87)
resume-compare-directory	before=legacySerial=98d16f05; index64=000000a5864c00c0; now=legacySerial=98d16f05; index64=000000a5864c00c0; equal=true
resume-root-nio	path=Z:\; real=Z:\; key=null; directory=true; regular=false; symlink=false; other=false; size=0; mtime=1980-01-01T04:00:00Z; creation=1980-01-01T04:00:00Z; access=1980-01-01T04:00:00Z
resume-root-native	legacyOk=true; legacyError=0; legacySerial=98d16f05; index64=0000000000000000; attributes=00000010; links=1; creation100ns=119600208000000000(1980-01-01T04:00:00Z); access100ns=119600208000000000(1980-01-01T04:00:00Z); mtime100ns=119600208000000000(1980-01-01T04:00:00Z); fileIdInfoOk=false; fileIdInfoError=87; tagOk=false; tagError=87; final=\\?\Z:\
resume-root-existing-ntfs-adapter	Cannot inspect Windows file attributes (error 87)
resume-compare-root	before=legacySerial=98d16f05; index64=0000000000000000; now=legacySerial=98d16f05; index64=0000000000000000; equal=true
resume-file-nio	path=Z:\media-compare-authority-test\RemountEvidence\Stable.bin; real=Z:\media-compare-authority-test\RemountEvidence\Stable.bin; key=null; directory=false; regular=true; symlink=false; other=false; size=16; mtime=2026-10-01T23:11:38Z; creation=2026-10-01T23:11:36Z; access=2026-10-01T23:11:38Z
resume-file-native	legacyOk=true; legacyError=0; legacySerial=98d16f05; index64=000000a586540000; attributes=00000020; links=1; creation100ns=134353698960000000(2026-10-01T23:11:36Z); access100ns=134353698980000000(2026-10-01T23:11:38Z); mtime100ns=134353698980000000(2026-10-01T23:11:38Z); fileIdInfoOk=false; fileIdInfoError=87; tagOk=false; tagError=87; final=\\?\Z:\media-compare-authority-test\RemountEvidence\Stable.bin
resume-file-existing-ntfs-adapter	Cannot inspect Windows file attributes (error 87)
resume-compare-file	before=legacySerial=98d16f05; index64=000000a586540000; now=legacySerial=98d16f05; index64=000000a586540000; equal=true
resume-content	expectedBytes=true; mtimeEqual=true

===== exfat-resume-same-mount.log =====
environment	os=Windows 10; version=10.0; java=21.0.12.1; timezone=America/New_York
volume	device=\Device\VeraCryptVolumeZ; nativeFs=exFAT; label=; serial=98d16f05; maximumComponent=255; flags=00020206
nio-store	name=; type=exFAT; text=(Z:); total=1099492491264; readOnly=false; basic=true; dos=true; acl=false; posix=false
volume-guid	\\?\Volume{5b22bd93-5d21-11ec-bf63-7085c24c9111}\
volume-root-nio	path=Z:\; real=Z:\; key=null; directory=true; regular=false; symlink=false; other=false; size=0; mtime=1980-01-01T04:00:00Z; creation=1980-01-01T04:00:00Z; access=1980-01-01T04:00:00Z
volume-root-native	legacyOk=true; legacyError=0; legacySerial=98d16f05; index64=0000000000000000; attributes=00000010; links=1; creation100ns=119600208000000000(1980-01-01T04:00:00Z); access100ns=119600208000000000(1980-01-01T04:00:00Z); mtime100ns=119600208000000000(1980-01-01T04:00:00Z); fileIdInfoOk=false; fileIdInfoError=87; tagOk=false; tagError=87; final=\\?\Z:\
volume-root-existing-ntfs-adapter	Cannot inspect Windows file attributes (error 87)
resume-directory-nio	path=Z:\media-compare-authority-test\RemountEvidence; real=Z:\media-compare-authority-test\RemountEvidence; key=null; directory=true; regular=false; symlink=false; other=false; size=0; mtime=2026-10-01T23:11:35.93Z; creation=2026-10-01T23:11:35.93Z; access=2026-10-01T23:11:34Z
resume-directory-native	legacyOk=true; legacyError=0; legacySerial=98d16f05; index64=000000a5864c00c0; attributes=00000010; links=1; creation100ns=134353698959300000(2026-10-01T23:11:35.930Z); access100ns=134353698940000000(2026-10-01T23:11:34Z); mtime100ns=134353698959300000(2026-10-01T23:11:35.930Z); fileIdInfoOk=false; fileIdInfoError=87; tagOk=false; tagError=87; final=\\?\Z:\media-compare-authority-test\RemountEvidence
resume-directory-existing-ntfs-adapter	Cannot inspect Windows file attributes (error 87)
resume-compare-directory	before=legacySerial=98d16f05; index64=000000a5864c00c0; now=legacySerial=98d16f05; index64=000000a5864c00c0; equal=true
resume-root-nio	path=Z:\; real=Z:\; key=null; directory=true; regular=false; symlink=false; other=false; size=0; mtime=1980-01-01T04:00:00Z; creation=1980-01-01T04:00:00Z; access=1980-01-01T04:00:00Z
resume-root-native	legacyOk=true; legacyError=0; legacySerial=98d16f05; index64=0000000000000000; attributes=00000010; links=1; creation100ns=119600208000000000(1980-01-01T04:00:00Z); access100ns=119600208000000000(1980-01-01T04:00:00Z); mtime100ns=119600208000000000(1980-01-01T04:00:00Z); fileIdInfoOk=false; fileIdInfoError=87; tagOk=false; tagError=87; final=\\?\Z:\
resume-root-existing-ntfs-adapter	Cannot inspect Windows file attributes (error 87)
resume-compare-root	before=legacySerial=98d16f05; index64=0000000000000000; now=legacySerial=98d16f05; index64=0000000000000000; equal=true
resume-file-nio	path=Z:\media-compare-authority-test\RemountEvidence\Stable.bin; real=Z:\media-compare-authority-test\RemountEvidence\Stable.bin; key=null; directory=false; regular=true; symlink=false; other=false; size=16; mtime=2026-10-01T23:11:38Z; creation=2026-10-01T23:11:36Z; access=2026-10-01T23:11:38Z
resume-file-native	legacyOk=true; legacyError=0; legacySerial=98d16f05; index64=000000a586540000; attributes=00000020; links=1; creation100ns=134353698960000000(2026-10-01T23:11:36Z); access100ns=134353698980000000(2026-10-01T23:11:38Z); mtime100ns=134353698980000000(2026-10-01T23:11:38Z); fileIdInfoOk=false; fileIdInfoError=87; tagOk=false; tagError=87; final=\\?\Z:\media-compare-authority-test\RemountEvidence\Stable.bin
resume-file-existing-ntfs-adapter	Cannot inspect Windows file attributes (error 87)
resume-compare-file	before=legacySerial=98d16f05; index64=000000a586540000; now=legacySerial=98d16f05; index64=000000a586540000; equal=true
resume-content	expectedBytes=true; mtimeEqual=true

===== exfat-wrong-serial.log =====
java.exe : Exception in thread "main" java.io.IOException: Selected Z: volume is not the verified VeraCrypt/exFAT test 
volume: device=\Device\VeraCryptVolumeZ; NIO filesystem=exFAT; native filesystem=exFAT; actual serial=98d16f05; 
expected serial=deadbeef
At line:3 char:1
+ & java -cp $probeClasspath diagnostics/WindowsExfatProbe.java resume  ...
+ ~~~~~~~~~~~~~~~~~~~~~~~~~~~~~~~~~~~~~~~~~~~~~~~~~~~~~~~~~~~~~~~~~~~~~
    + CategoryInfo          : NotSpecified: (Exception in th...serial=deadbeef:String) [], RemoteException
    + FullyQualifiedErrorId : NativeCommandError
 
	at WindowsExfatProbe.verifyVolume(WindowsExfatProbe.java:69)
	at WindowsExfatProbe.main(WindowsExfatProbe.java:39)


===== exfat-resume-after-veracrypt-remount.log =====
environment	os=Windows 10; version=10.0; java=21.0.12.1; timezone=America/New_York
volume	device=\Device\VeraCryptVolumeZ; nativeFs=exFAT; label=; serial=98d16f05; maximumComponent=255; flags=00020206
nio-store	name=; type=exFAT; text=(Z:); total=1099492491264; readOnly=false; basic=true; dos=true; acl=false; posix=false
volume-guid	\\?\Volume{5b22bd93-5d21-11ec-bf63-7085c24c9111}\
volume-root-nio	path=Z:\; real=Z:\; key=null; directory=true; regular=false; symlink=false; other=false; size=0; mtime=1980-01-01T04:00:00Z; creation=1980-01-01T04:00:00Z; access=1980-01-01T04:00:00Z
volume-root-native	legacyOk=true; legacyError=0; legacySerial=98d16f05; index64=0000000000000000; attributes=00000010; links=1; creation100ns=119600208000000000(1980-01-01T04:00:00Z); access100ns=119600208000000000(1980-01-01T04:00:00Z); mtime100ns=119600208000000000(1980-01-01T04:00:00Z); fileIdInfoOk=false; fileIdInfoError=87; tagOk=false; tagError=87; final=\\?\Z:\
volume-root-existing-ntfs-adapter	Cannot inspect Windows file attributes (error 87)
resume-root-nio	path=Z:\; real=Z:\; key=null; directory=true; regular=false; symlink=false; other=false; size=0; mtime=1980-01-01T04:00:00Z; creation=1980-01-01T04:00:00Z; access=1980-01-01T04:00:00Z
resume-root-native	legacyOk=true; legacyError=0; legacySerial=98d16f05; index64=0000000000000000; attributes=00000010; links=1; creation100ns=119600208000000000(1980-01-01T04:00:00Z); access100ns=119600208000000000(1980-01-01T04:00:00Z); mtime100ns=119600208000000000(1980-01-01T04:00:00Z); fileIdInfoOk=false; fileIdInfoError=87; tagOk=false; tagError=87; final=\\?\Z:\
resume-root-existing-ntfs-adapter	Cannot inspect Windows file attributes (error 87)
resume-compare-root	before=legacySerial=98d16f05; index64=0000000000000000; now=legacySerial=98d16f05; index64=0000000000000000; equal=true
resume-directory-nio	path=Z:\media-compare-authority-test\RemountEvidence; real=Z:\media-compare-authority-test\RemountEvidence; key=null; directory=true; regular=false; symlink=false; other=false; size=0; mtime=2026-10-01T23:11:35.93Z; creation=2026-10-01T23:11:35.93Z; access=2026-10-01T23:11:34Z
resume-directory-native	legacyOk=true; legacyError=0; legacySerial=98d16f05; index64=000000a5864c00c0; attributes=00000010; links=1; creation100ns=134353698959300000(2026-10-01T23:11:35.930Z); access100ns=134353698940000000(2026-10-01T23:11:34Z); mtime100ns=134353698959300000(2026-10-01T23:11:35.930Z); fileIdInfoOk=false; fileIdInfoError=87; tagOk=false; tagError=87; final=\\?\Z:\media-compare-authority-test\RemountEvidence
resume-directory-existing-ntfs-adapter	Cannot inspect Windows file attributes (error 87)
resume-compare-directory	before=legacySerial=98d16f05; index64=000000a5864c00c0; now=legacySerial=98d16f05; index64=000000a5864c00c0; equal=true
resume-file-nio	path=Z:\media-compare-authority-test\RemountEvidence\Stable.bin; real=Z:\media-compare-authority-test\RemountEvidence\Stable.bin; key=null; directory=false; regular=true; symlink=false; other=false; size=16; mtime=2026-10-01T23:11:38Z; creation=2026-10-01T23:11:36Z; access=2026-10-01T23:11:38Z
resume-file-native	legacyOk=true; legacyError=0; legacySerial=98d16f05; index64=000000a586540000; attributes=00000020; links=1; creation100ns=134353698960000000(2026-10-01T23:11:36Z); access100ns=134353698980000000(2026-10-01T23:11:38Z); mtime100ns=134353698980000000(2026-10-01T23:11:38Z); fileIdInfoOk=false; fileIdInfoError=87; tagOk=false; tagError=87; final=\\?\Z:\media-compare-authority-test\RemountEvidence\Stable.bin
resume-file-existing-ntfs-adapter	Cannot inspect Windows file attributes (error 87)
resume-compare-file	before=legacySerial=98d16f05; index64=000000a586540000; now=legacySerial=98d16f05; index64=000000a586540000; equal=true
resume-content	expectedBytes=true; mtimeEqual=true


===== exfat-cleanup.log =====
environment	os=Windows 10; version=10.0; java=21.0.12.1; timezone=America/New_York
volume	device=\Device\VeraCryptVolumeZ; nativeFs=exFAT; label=; serial=98d16f05; maximumComponent=255; flags=00020206
nio-store	name=; type=exFAT; text=(Z:); total=1099492491264; readOnly=false; basic=true; dos=true; acl=false; posix=false
volume-guid	\\?\Volume{5b22bd93-5d21-11ec-bf63-7085c24c9111}\
volume-root-nio	path=Z:\; real=Z:\; key=null; directory=true; regular=false; symlink=false; other=false; size=0; mtime=1980-01-01T04:00:00Z; creation=1980-01-01T04:00:00Z; access=1980-01-01T04:00:00Z
volume-root-native	legacyOk=true; legacyError=0; legacySerial=98d16f05; index64=0000000000000000; attributes=00000010; links=1; creation100ns=119600208000000000(1980-01-01T04:00:00Z); access100ns=119600208000000000(1980-01-01T04:00:00Z); mtime100ns=119600208000000000(1980-01-01T04:00:00Z); fileIdInfoOk=false; fileIdInfoError=87; tagOk=false; tagError=87; final=\\?\Z:\
volume-root-existing-ntfs-adapter	Cannot inspect Windows file attributes (error 87)
cleanup	Removed marked remount evidence and fixture root
