2026-10-02T01:01:19.370838300Z	begin	mode=run; pid=22952; cwd=D:\Dev\projects\ai-projects\media-compare; os=Windows 10; java=21.0.12.1
2026-10-02T01:01:19.428884500Z	section	initial guards; no fixture mutation yet
2026-10-02T01:01:19.645184500Z	volume	device=\Device\VeraCryptVolumeZ; nativeFs=exFAT; nioFs=exFAT; serial=98d16f05; expected=98d16f05; label=; flags=00020206; maximumComponent=255; readOnly=false
2026-10-02T01:01:19.687229400Z	volume-guid	\\?\Volume{5b22bd93-5d21-11ec-bf63-7085c24c9111}\
2026-10-02T01:01:19.736453500Z	guards	PASS; Windows/Z:/native exFAT/NIO exFAT/serial/device mapping
2026-10-02T01:01:20.514807400Z	fixture	created exact marked fixture=Z:\media-compare-retained-handle-test; A/B each=256 bytes; disposable BMP payloads
2026-10-02T01:01:20.517810300Z	known-bytes	A.sha256=8973eb01f650b8bd43f628944d8ba63d9b0bb345741fc66938b13bf468e4eda2; B.sha256=efafc01df4922033a06038649683cc1ac569e5ea4b183cba606a7021428fa1f4
2026-10-02T01:01:20.530823400Z	nio	path=Z:\media-compare-retained-handle-test\Source\Intermediate\ProtectedA.bin; real=Z:\media-compare-retained-handle-test\Source\Intermediate\ProtectedA.bin; size=256; directory=false; regular=true; other=false; link=false; key=null; created=2026-10-02T01:01:20.51Z; access=2026-10-02T01:01:22Z; mtime=2026-10-02T01:01:22Z
2026-10-02T01:01:20.532823500Z	nio	path=Z:\media-compare-retained-handle-test\Source\Intermediate\ProtectedB.bin; real=Z:\media-compare-retained-handle-test\Source\Intermediate\ProtectedB.bin; size=256; directory=false; regular=true; other=false; link=false; key=null; created=2026-10-02T01:01:20.51Z; access=2026-10-02T01:01:22Z; mtime=2026-10-02T01:01:22Z
2026-10-02T01:01:20.533823500Z	section	A/E directory-chain protection; independently opened pathname operations in same process
2026-10-02T01:01:20.541831100Z	CreateFile	path=Z:\; access=80000000; share=3; disposition=3; flags=02200000; security=NULL/non-inheritable; success=true; error=0
2026-10-02T01:01:20.550839Z	handle-flags	path=Z:\; Result[success=true, error=0]; flags=0; native=1072
2026-10-02T01:01:20.552840800Z	CreateFile	path=Z:\media-compare-retained-handle-test; access=80000000; share=3; disposition=3; flags=02200000; security=NULL/non-inheritable; success=true; error=0
2026-10-02T01:01:20.552840800Z	handle-flags	path=Z:\media-compare-retained-handle-test; Result[success=true, error=0]; flags=0; native=1276
2026-10-02T01:01:20.554841900Z	CreateFile	path=Z:\media-compare-retained-handle-test\Source; access=80000000; share=3; disposition=3; flags=02200000; security=NULL/non-inheritable; success=true; error=0
2026-10-02T01:01:20.554841900Z	handle-flags	path=Z:\media-compare-retained-handle-test\Source; Result[success=true, error=0]; flags=0; native=1060
2026-10-02T01:01:20.555841800Z	CreateFile	path=Z:\media-compare-retained-handle-test\Source\Intermediate; access=80000000; share=3; disposition=3; flags=02200000; security=NULL/non-inheritable; success=true; error=0
2026-10-02T01:01:20.556843200Z	handle-flags	path=Z:\media-compare-retained-handle-test\Source\Intermediate; Result[success=true, error=0]; flags=0; native=1280
2026-10-02T01:01:20.570856700Z	retained-handle	path=Z:\media-compare-retained-handle-test\Source; native=1060; attributes=00000010; serial=98d16f05; index64=000000a5864c0060; size=0; creation100ns=134353764802000000(2026-10-02T01:01:20.200Z); access100ns=134353764800000000(2026-10-02T01:01:20Z); mtime100ns=134353764802000000(2026-10-02T01:01:20.200Z); final=\\?\Z:\media-compare-retained-handle-test\Source
2026-10-02T01:01:20.571855700Z	retained-handle	path=Z:\media-compare-retained-handle-test\Source\Intermediate; native=1280; attributes=00000010; serial=98d16f05; index64=000000a586540000; size=0; creation100ns=134353764802700000(2026-10-02T01:01:20.270Z); access100ns=134353764800000000(2026-10-02T01:01:20Z); mtime100ns=134353764802700000(2026-10-02T01:01:20.270Z); final=\\?\Z:\media-compare-retained-handle-test\Source\Intermediate
2026-10-02T01:01:20.572855600Z	retained-handle	path=Z:\; native=1072; attributes=00000010; serial=98d16f05; index64=0000000000000000; size=0; creation100ns=119600208000000000(1980-01-01T04:00:00Z); access100ns=119600208000000000(1980-01-01T04:00:00Z); mtime100ns=119600208000000000(1980-01-01T04:00:00Z); final=\\?\Z:\
2026-10-02T01:01:20.574857700Z	retained-handle	path=Z:\media-compare-retained-handle-test; native=1276; attributes=00000010; serial=98d16f05; index64=00000000012c03a0; size=0; creation100ns=134353764798200000(2026-10-02T01:01:19.820Z); access100ns=134353764780000000(2026-10-02T01:01:18Z); mtime100ns=134353764798200000(2026-10-02T01:01:19.820Z); final=\\?\Z:\media-compare-retained-handle-test
2026-10-02T01:01:20.576861800Z	protected-attempt	directory-rename Z:\media-compare-retained-handle-test\Source; Result[success=false, error=32]
2026-10-02T01:01:20.577860100Z	protected-attempt	directory-move Z:\media-compare-retained-handle-test\Source; Result[success=false, error=32]
2026-10-02T01:01:20.578861800Z	nonempty-directory-delete	path=Z:\media-compare-retained-handle-test\Source; Result[success=false, error=32]; empty-directory test follows
2026-10-02T01:01:20.579864300Z	protected-attempt	directory-rename Z:\media-compare-retained-handle-test\Source\Intermediate; Result[success=false, error=32]
2026-10-02T01:01:20.580862800Z	protected-attempt	directory-move Z:\media-compare-retained-handle-test\Source\Intermediate; Result[success=false, error=32]
2026-10-02T01:01:20.582866800Z	nonempty-directory-delete	path=Z:\media-compare-retained-handle-test\Source\Intermediate; Result[success=false, error=32]; empty-directory test follows
2026-10-02T01:01:20.583864200Z	retained-handle	path=Z:\media-compare-retained-handle-test\Source; native=1060; attributes=00000010; serial=98d16f05; index64=000000a5864c0060; size=0; creation100ns=134353764802000000(2026-10-02T01:01:20.200Z); access100ns=134353764800000000(2026-10-02T01:01:20Z); mtime100ns=134353764802000000(2026-10-02T01:01:20.200Z); final=\\?\Z:\media-compare-retained-handle-test\Source
2026-10-02T01:01:20.584865200Z	retained-handle	path=Z:\media-compare-retained-handle-test\Source\Intermediate; native=1280; attributes=00000010; serial=98d16f05; index64=000000a586540000; size=0; creation100ns=134353764802700000(2026-10-02T01:01:20.270Z); access100ns=134353764800000000(2026-10-02T01:01:20Z); mtime100ns=134353764802700000(2026-10-02T01:01:20.270Z); final=\\?\Z:\media-compare-retained-handle-test\Source\Intermediate
2026-10-02T01:01:20.606883700Z	protected-attempt	empty-intermediate-delete; Result[success=false, error=32]
2026-10-02T01:01:20.615893100Z	retained-handle	path=Z:\media-compare-retained-handle-test\Source\Intermediate; native=1280; attributes=00000010; serial=98d16f05; index64=000000a586540000; size=0; creation100ns=134353764802700000(2026-10-02T01:01:20.270Z); access100ns=134353764800000000(2026-10-02T01:01:20Z); mtime100ns=134353764802700000(2026-10-02T01:01:20.270Z); final=\\?\Z:\media-compare-retained-handle-test\Source\Intermediate
2026-10-02T01:01:20.621899800Z	close	path=Z:\media-compare-retained-handle-test\Source\Intermediate; native=1280; Result[success=true, error=0]; remaining=3
2026-10-02T01:01:20.622899700Z	unprotected-control	empty-intermediate-delete-after-close; Result[success=true, error=0]
2026-10-02T01:01:20.623898900Z	protected-attempt	empty-source-delete; Result[success=false, error=32]
2026-10-02T01:01:20.624899600Z	retained-handle	path=Z:\media-compare-retained-handle-test\Source; native=1060; attributes=00000010; serial=98d16f05; index64=000000a5864c0060; size=0; creation100ns=134353764802000000(2026-10-02T01:01:20.200Z); access100ns=134353764800000000(2026-10-02T01:01:20Z); mtime100ns=134353764802000000(2026-10-02T01:01:20.200Z); final=\\?\Z:\media-compare-retained-handle-test\Source
2026-10-02T01:01:20.625899700Z	close	path=Z:\media-compare-retained-handle-test\Source; native=1060; Result[success=true, error=0]; remaining=2
2026-10-02T01:01:20.625899700Z	unprotected-control	empty-source-delete-after-close; Result[success=true, error=0]
2026-10-02T01:01:20.626900300Z	close	path=Z:\media-compare-retained-handle-test; native=1276; Result[success=true, error=0]; remaining=1
2026-10-02T01:01:20.628902500Z	close	path=Z:\; native=1072; Result[success=true, error=0]; remaining=0
2026-10-02T01:01:20.718976600Z	unprotected-control	directory-rename-after-close; Result[success=true, error=0]
2026-10-02T01:01:20.725982100Z	unprotected-control	directory-rename-restore; Result[success=true, error=0]
2026-10-02T01:01:20.726982500Z	unprotected-control	directory-move-after-close; Result[success=true, error=0]
2026-10-02T01:01:20.727983700Z	unprotected-control	directory-move-restore; Result[success=true, error=0]
2026-10-02T01:01:20.729985Z	unprotected-control	directory-rename-after-close; Result[success=true, error=0]
2026-10-02T01:01:20.730986Z	unprotected-control	directory-rename-restore; Result[success=true, error=0]
2026-10-02T01:01:20.731987100Z	unprotected-control	directory-move-after-close; Result[success=true, error=0]
2026-10-02T01:01:20.732987800Z	unprotected-control	directory-move-restore; Result[success=true, error=0]
2026-10-02T01:01:20.732987800Z	A-result	PASS; protected rename/move/empty-delete blocked; unprotected controls succeeded; handles closed
2026-10-02T01:01:20.733987800Z	section	B/D/E protected file sharing, readers, retained-handle SHA-256 and before/after evidence
2026-10-02T01:01:20.737992800Z	nio	path=Z:\media-compare-retained-handle-test\Source\Intermediate\ProtectedA.bin; real=Z:\media-compare-retained-handle-test\Source\Intermediate\ProtectedA.bin; size=256; directory=false; regular=true; other=false; link=false; key=null; created=2026-10-02T01:01:20.64Z; access=2026-10-02T01:01:22Z; mtime=2026-01-15T12:34:56Z
2026-10-02T01:01:20.738992Z	nio	path=Z:\media-compare-retained-handle-test\Source\Intermediate\ProtectedB.bin; real=Z:\media-compare-retained-handle-test\Source\Intermediate\ProtectedB.bin; size=256; directory=false; regular=true; other=false; link=false; key=null; created=2026-10-02T01:01:20.64Z; access=2026-10-02T01:01:22Z; mtime=2026-01-15T12:34:56Z
2026-10-02T01:01:20.740995200Z	CreateFile	path=Z:\; access=80000000; share=3; disposition=3; flags=02200000; security=NULL/non-inheritable; success=true; error=0
2026-10-02T01:01:20.741995400Z	handle-flags	path=Z:\; Result[success=true, error=0]; flags=0; native=1088
2026-10-02T01:01:20.742995600Z	retained-handle	path=Z:\; native=1088; attributes=00000010; serial=98d16f05; index64=0000000000000000; size=0; creation100ns=119600208000000000(1980-01-01T04:00:00Z); access100ns=119600208000000000(1980-01-01T04:00:00Z); mtime100ns=119600208000000000(1980-01-01T04:00:00Z); final=\\?\Z:\
2026-10-02T01:01:20.742995600Z	CreateFile	path=Z:\media-compare-retained-handle-test; access=80000000; share=3; disposition=3; flags=02200000; security=NULL/non-inheritable; success=true; error=0
2026-10-02T01:01:20.743996300Z	handle-flags	path=Z:\media-compare-retained-handle-test; Result[success=true, error=0]; flags=0; native=1060
2026-10-02T01:01:20.744996900Z	retained-handle	path=Z:\media-compare-retained-handle-test; native=1060; attributes=00000010; serial=98d16f05; index64=00000000012c03a0; size=0; creation100ns=134353764798200000(2026-10-02T01:01:19.820Z); access100ns=134353764780000000(2026-10-02T01:01:18Z); mtime100ns=134353764798200000(2026-10-02T01:01:19.820Z); final=\\?\Z:\media-compare-retained-handle-test
2026-10-02T01:01:20.745997300Z	CreateFile	path=Z:\media-compare-retained-handle-test\Source; access=80000000; share=3; disposition=3; flags=02200000; security=NULL/non-inheritable; success=true; error=0
2026-10-02T01:01:20.746999100Z	handle-flags	path=Z:\media-compare-retained-handle-test\Source; Result[success=true, error=0]; flags=0; native=1304
2026-10-02T01:01:20.746999100Z	retained-handle	path=Z:\media-compare-retained-handle-test\Source; native=1304; attributes=00000010; serial=98d16f05; index64=000000a5864c0180; size=0; creation100ns=134353764806200000(2026-10-02T01:01:20.620Z); access100ns=134353764800000000(2026-10-02T01:01:20Z); mtime100ns=134353764806200000(2026-10-02T01:01:20.620Z); final=\\?\Z:\media-compare-retained-handle-test\Source
2026-10-02T01:01:20.747999500Z	CreateFile	path=Z:\media-compare-retained-handle-test\Source\Intermediate; access=80000000; share=3; disposition=3; flags=02200000; security=NULL/non-inheritable; success=true; error=0
2026-10-02T01:01:20.750001200Z	handle-flags	path=Z:\media-compare-retained-handle-test\Source\Intermediate; Result[success=true, error=0]; flags=0; native=1072
2026-10-02T01:01:20.750001200Z	retained-handle	path=Z:\media-compare-retained-handle-test\Source\Intermediate; native=1072; attributes=00000010; serial=98d16f05; index64=000000a586540140; size=0; creation100ns=134353764806300000(2026-10-02T01:01:20.630Z); access100ns=134353764800000000(2026-10-02T01:01:20Z); mtime100ns=134353764806300000(2026-10-02T01:01:20.630Z); final=\\?\Z:\media-compare-retained-handle-test\Source\Intermediate
2026-10-02T01:01:20.753003800Z	CreateFile	path=Z:\media-compare-retained-handle-test\Source\Intermediate\ProtectedA.bin; access=80000000; share=1; disposition=3; flags=00200000; security=NULL/non-inheritable; success=true; error=0
2026-10-02T01:01:20.754005800Z	handle-flags	path=Z:\media-compare-retained-handle-test\Source\Intermediate\ProtectedA.bin; Result[success=true, error=0]; flags=0; native=1292
2026-10-02T01:01:20.754005800Z	retained-handle	path=Z:\media-compare-retained-handle-test\Source\Intermediate\ProtectedA.bin; native=1292; attributes=00000020; serial=98d16f05; index64=000000a586580000; size=256; creation100ns=134353764806400000(2026-10-02T01:01:20.640Z); access100ns=134353764820000000(2026-10-02T01:01:22Z); mtime100ns=134129540960000000(2026-01-15T12:34:56Z); final=\\?\Z:\media-compare-retained-handle-test\Source\Intermediate\ProtectedA.bin
2026-10-02T01:01:20.755005100Z	CreateFile	path=Z:\media-compare-retained-handle-test\Source\Intermediate\ProtectedA.bin; access=40000000; share=7; disposition=3; flags=00200000; security=NULL/non-inheritable; success=false; error=32
2026-10-02T01:01:20.758008Z	protected-attempt	overwrite; Result[success=false, error=32]
2026-10-02T01:01:20.759008Z	retained-handle	path=Z:\media-compare-retained-handle-test\Source\Intermediate\ProtectedA.bin; native=1292; attributes=00000020; serial=98d16f05; index64=000000a586580000; size=256; creation100ns=134353764806400000(2026-10-02T01:01:20.640Z); access100ns=134353764820000000(2026-10-02T01:01:22Z); mtime100ns=134129540960000000(2026-01-15T12:34:56Z); final=\\?\Z:\media-compare-retained-handle-test\Source\Intermediate\ProtectedA.bin
2026-10-02T01:01:20.761011500Z	retained-handle	path=Z:\; native=1088; attributes=00000010; serial=98d16f05; index64=0000000000000000; size=0; creation100ns=119600208000000000(1980-01-01T04:00:00Z); access100ns=119600208000000000(1980-01-01T04:00:00Z); mtime100ns=119600208000000000(1980-01-01T04:00:00Z); final=\\?\Z:\
2026-10-02T01:01:20.762011300Z	retained-handle	path=Z:\media-compare-retained-handle-test; native=1060; attributes=00000010; serial=98d16f05; index64=00000000012c03a0; size=0; creation100ns=134353764798200000(2026-10-02T01:01:19.820Z); access100ns=134353764780000000(2026-10-02T01:01:18Z); mtime100ns=134353764798200000(2026-10-02T01:01:19.820Z); final=\\?\Z:\media-compare-retained-handle-test
2026-10-02T01:01:20.763011200Z	retained-handle	path=Z:\media-compare-retained-handle-test\Source; native=1304; attributes=00000010; serial=98d16f05; index64=000000a5864c0180; size=0; creation100ns=134353764806200000(2026-10-02T01:01:20.620Z); access100ns=134353764800000000(2026-10-02T01:01:20Z); mtime100ns=134353764806200000(2026-10-02T01:01:20.620Z); final=\\?\Z:\media-compare-retained-handle-test\Source
2026-10-02T01:01:20.764012100Z	retained-handle	path=Z:\media-compare-retained-handle-test\Source\Intermediate; native=1072; attributes=00000010; serial=98d16f05; index64=000000a586540140; size=0; creation100ns=134353764806300000(2026-10-02T01:01:20.630Z); access100ns=134353764800000000(2026-10-02T01:01:20Z); mtime100ns=134353764806300000(2026-10-02T01:01:20.630Z); final=\\?\Z:\media-compare-retained-handle-test\Source\Intermediate
2026-10-02T01:01:20.765012200Z	CreateFile	path=Z:\media-compare-retained-handle-test\Source\Intermediate\ProtectedA.bin; access=40000000; share=7; disposition=5; flags=00200000; security=NULL/non-inheritable; success=false; error=32
2026-10-02T01:01:20.766013800Z	protected-attempt	truncate-write; Result[success=false, error=32]
2026-10-02T01:01:20.768016400Z	retained-handle	path=Z:\media-compare-retained-handle-test\Source\Intermediate\ProtectedA.bin; native=1292; attributes=00000020; serial=98d16f05; index64=000000a586580000; size=256; creation100ns=134353764806400000(2026-10-02T01:01:20.640Z); access100ns=134353764820000000(2026-10-02T01:01:22Z); mtime100ns=134129540960000000(2026-01-15T12:34:56Z); final=\\?\Z:\media-compare-retained-handle-test\Source\Intermediate\ProtectedA.bin
2026-10-02T01:01:20.770018500Z	retained-handle	path=Z:\; native=1088; attributes=00000010; serial=98d16f05; index64=0000000000000000; size=0; creation100ns=119600208000000000(1980-01-01T04:00:00Z); access100ns=119600208000000000(1980-01-01T04:00:00Z); mtime100ns=119600208000000000(1980-01-01T04:00:00Z); final=\\?\Z:\
2026-10-02T01:01:20.771018500Z	retained-handle	path=Z:\media-compare-retained-handle-test; native=1060; attributes=00000010; serial=98d16f05; index64=00000000012c03a0; size=0; creation100ns=134353764798200000(2026-10-02T01:01:19.820Z); access100ns=134353764780000000(2026-10-02T01:01:18Z); mtime100ns=134353764798200000(2026-10-02T01:01:19.820Z); final=\\?\Z:\media-compare-retained-handle-test
2026-10-02T01:01:20.772019700Z	retained-handle	path=Z:\media-compare-retained-handle-test\Source; native=1304; attributes=00000010; serial=98d16f05; index64=000000a5864c0180; size=0; creation100ns=134353764806200000(2026-10-02T01:01:20.620Z); access100ns=134353764800000000(2026-10-02T01:01:20Z); mtime100ns=134353764806200000(2026-10-02T01:01:20.620Z); final=\\?\Z:\media-compare-retained-handle-test\Source
2026-10-02T01:01:20.773020200Z	retained-handle	path=Z:\media-compare-retained-handle-test\Source\Intermediate; native=1072; attributes=00000010; serial=98d16f05; index64=000000a586540140; size=0; creation100ns=134353764806300000(2026-10-02T01:01:20.630Z); access100ns=134353764800000000(2026-10-02T01:01:20Z); mtime100ns=134353764806300000(2026-10-02T01:01:20.630Z); final=\\?\Z:\media-compare-retained-handle-test\Source\Intermediate
2026-10-02T01:01:20.773020200Z	protected-attempt	delete; Result[success=false, error=32]
2026-10-02T01:01:20.775021900Z	retained-handle	path=Z:\media-compare-retained-handle-test\Source\Intermediate\ProtectedA.bin; native=1292; attributes=00000020; serial=98d16f05; index64=000000a586580000; size=256; creation100ns=134353764806400000(2026-10-02T01:01:20.640Z); access100ns=134353764820000000(2026-10-02T01:01:22Z); mtime100ns=134129540960000000(2026-01-15T12:34:56Z); final=\\?\Z:\media-compare-retained-handle-test\Source\Intermediate\ProtectedA.bin
2026-10-02T01:01:20.776023Z	retained-handle	path=Z:\; native=1088; attributes=00000010; serial=98d16f05; index64=0000000000000000; size=0; creation100ns=119600208000000000(1980-01-01T04:00:00Z); access100ns=119600208000000000(1980-01-01T04:00:00Z); mtime100ns=119600208000000000(1980-01-01T04:00:00Z); final=\\?\Z:\
2026-10-02T01:01:20.777023700Z	retained-handle	path=Z:\media-compare-retained-handle-test; native=1060; attributes=00000010; serial=98d16f05; index64=00000000012c03a0; size=0; creation100ns=134353764798200000(2026-10-02T01:01:19.820Z); access100ns=134353764780000000(2026-10-02T01:01:18Z); mtime100ns=134353764798200000(2026-10-02T01:01:19.820Z); final=\\?\Z:\media-compare-retained-handle-test
2026-10-02T01:01:20.778023300Z	retained-handle	path=Z:\media-compare-retained-handle-test\Source; native=1304; attributes=00000010; serial=98d16f05; index64=000000a5864c0180; size=0; creation100ns=134353764806200000(2026-10-02T01:01:20.620Z); access100ns=134353764800000000(2026-10-02T01:01:20Z); mtime100ns=134353764806200000(2026-10-02T01:01:20.620Z); final=\\?\Z:\media-compare-retained-handle-test\Source
2026-10-02T01:01:20.779025Z	retained-handle	path=Z:\media-compare-retained-handle-test\Source\Intermediate; native=1072; attributes=00000010; serial=98d16f05; index64=000000a586540140; size=0; creation100ns=134353764806300000(2026-10-02T01:01:20.630Z); access100ns=134353764800000000(2026-10-02T01:01:20Z); mtime100ns=134353764806300000(2026-10-02T01:01:20.630Z); final=\\?\Z:\media-compare-retained-handle-test\Source\Intermediate
2026-10-02T01:01:20.780025Z	protected-attempt	rename; Result[success=false, error=32]
2026-10-02T01:01:20.781027100Z	retained-handle	path=Z:\media-compare-retained-handle-test\Source\Intermediate\ProtectedA.bin; native=1292; attributes=00000020; serial=98d16f05; index64=000000a586580000; size=256; creation100ns=134353764806400000(2026-10-02T01:01:20.640Z); access100ns=134353764820000000(2026-10-02T01:01:22Z); mtime100ns=134129540960000000(2026-01-15T12:34:56Z); final=\\?\Z:\media-compare-retained-handle-test\Source\Intermediate\ProtectedA.bin
2026-10-02T01:01:20.782027900Z	retained-handle	path=Z:\; native=1088; attributes=00000010; serial=98d16f05; index64=0000000000000000; size=0; creation100ns=119600208000000000(1980-01-01T04:00:00Z); access100ns=119600208000000000(1980-01-01T04:00:00Z); mtime100ns=119600208000000000(1980-01-01T04:00:00Z); final=\\?\Z:\
2026-10-02T01:01:20.783028600Z	retained-handle	path=Z:\media-compare-retained-handle-test; native=1060; attributes=00000010; serial=98d16f05; index64=00000000012c03a0; size=0; creation100ns=134353764798200000(2026-10-02T01:01:19.820Z); access100ns=134353764780000000(2026-10-02T01:01:18Z); mtime100ns=134353764798200000(2026-10-02T01:01:19.820Z); final=\\?\Z:\media-compare-retained-handle-test
2026-10-02T01:01:20.784028300Z	retained-handle	path=Z:\media-compare-retained-handle-test\Source; native=1304; attributes=00000010; serial=98d16f05; index64=000000a5864c0180; size=0; creation100ns=134353764806200000(2026-10-02T01:01:20.620Z); access100ns=134353764800000000(2026-10-02T01:01:20Z); mtime100ns=134353764806200000(2026-10-02T01:01:20.620Z); final=\\?\Z:\media-compare-retained-handle-test\Source
2026-10-02T01:01:20.785028800Z	retained-handle	path=Z:\media-compare-retained-handle-test\Source\Intermediate; native=1072; attributes=00000010; serial=98d16f05; index64=000000a586540140; size=0; creation100ns=134353764806300000(2026-10-02T01:01:20.630Z); access100ns=134353764800000000(2026-10-02T01:01:20Z); mtime100ns=134353764806300000(2026-10-02T01:01:20.630Z); final=\\?\Z:\media-compare-retained-handle-test\Source\Intermediate
2026-10-02T01:01:20.786032400Z	protected-attempt	move; Result[success=false, error=32]
2026-10-02T01:01:20.787033100Z	retained-handle	path=Z:\media-compare-retained-handle-test\Source\Intermediate\ProtectedA.bin; native=1292; attributes=00000020; serial=98d16f05; index64=000000a586580000; size=256; creation100ns=134353764806400000(2026-10-02T01:01:20.640Z); access100ns=134353764820000000(2026-10-02T01:01:22Z); mtime100ns=134129540960000000(2026-01-15T12:34:56Z); final=\\?\Z:\media-compare-retained-handle-test\Source\Intermediate\ProtectedA.bin
2026-10-02T01:01:20.788032200Z	retained-handle	path=Z:\; native=1088; attributes=00000010; serial=98d16f05; index64=0000000000000000; size=0; creation100ns=119600208000000000(1980-01-01T04:00:00Z); access100ns=119600208000000000(1980-01-01T04:00:00Z); mtime100ns=119600208000000000(1980-01-01T04:00:00Z); final=\\?\Z:\
2026-10-02T01:01:20.789033100Z	retained-handle	path=Z:\media-compare-retained-handle-test; native=1060; attributes=00000010; serial=98d16f05; index64=00000000012c03a0; size=0; creation100ns=134353764798200000(2026-10-02T01:01:19.820Z); access100ns=134353764780000000(2026-10-02T01:01:18Z); mtime100ns=134353764798200000(2026-10-02T01:01:19.820Z); final=\\?\Z:\media-compare-retained-handle-test
2026-10-02T01:01:20.790033900Z	retained-handle	path=Z:\media-compare-retained-handle-test\Source; native=1304; attributes=00000010; serial=98d16f05; index64=000000a5864c0180; size=0; creation100ns=134353764806200000(2026-10-02T01:01:20.620Z); access100ns=134353764800000000(2026-10-02T01:01:20Z); mtime100ns=134353764806200000(2026-10-02T01:01:20.620Z); final=\\?\Z:\media-compare-retained-handle-test\Source
2026-10-02T01:01:20.791035900Z	retained-handle	path=Z:\media-compare-retained-handle-test\Source\Intermediate; native=1072; attributes=00000010; serial=98d16f05; index64=000000a586540140; size=0; creation100ns=134353764806300000(2026-10-02T01:01:20.630Z); access100ns=134353764800000000(2026-10-02T01:01:20Z); mtime100ns=134353764806300000(2026-10-02T01:01:20.630Z); final=\\?\Z:\media-compare-retained-handle-test\Source\Intermediate
2026-10-02T01:01:20.793037500Z	protected-attempt	equal-size-mtime-replace; Result[success=false, error=5]
2026-10-02T01:01:20.793037500Z	close	path=Z:\media-compare-retained-handle-test\Source\Intermediate\ProtectedA.bin; native=1292; Result[success=true, error=0]; remaining=4
2026-10-02T01:01:20.794037900Z	close	path=Z:\media-compare-retained-handle-test\Source\Intermediate; native=1072; Result[success=true, error=0]; remaining=3
2026-10-02T01:01:20.795038100Z	close	path=Z:\media-compare-retained-handle-test\Source; native=1304; Result[success=true, error=0]; remaining=2
2026-10-02T01:01:20.795038100Z	close	path=Z:\media-compare-retained-handle-test; native=1060; Result[success=true, error=0]; remaining=1
2026-10-02T01:01:20.796039300Z	close	path=Z:\; native=1088; Result[success=true, error=0]; remaining=0
2026-10-02T01:01:20.798041100Z	FAILED/STOP	java.io.IOException: Expected ERROR_SHARING_VIOLATION (32): equal-size-mtime-replace; Result[success=false, error=5]; trackedFileDirectoryHandles=0
2026-10-02T01:03:01.5136325Z	prior-aborted-run-stderr
Exception in thread "main" java.io.IOException: Expected ERROR_SHARING_VIOLATION (32): equal-size-mtime-replace; Result[success=false, error=5]
	at WindowsExfatRetainedHandleProbe.require(WindowsExfatRetainedHandleProbe.java:75)
	at WindowsExfatRetainedHandleProbe.blocked(WindowsExfatRetainedHandleProbe.java:202)
	at WindowsExfatRetainedHandleProbe.fileTest(WindowsExfatRetainedHandleProbe.java:238)
	at WindowsExfatRetainedHandleProbe.run(WindowsExfatRetainedHandleProbe.java:131)
	at WindowsExfatRetainedHandleProbe.main(WindowsExfatRetainedHandleProbe.java:53)
2026-10-02T01:03:01.642738500Z	begin	mode=cleanup; pid=5544; cwd=D:\Dev\projects\ai-projects\media-compare; os=Windows 10; java=21.0.12.1
2026-10-02T01:03:01.653747500Z	section	initial guards; no fixture mutation yet
2026-10-02T01:03:01.816881200Z	volume	device=\Device\VeraCryptVolumeZ; nativeFs=exFAT; nioFs=exFAT; serial=98d16f05; expected=98d16f05; label=; flags=00020206; maximumComponent=255; readOnly=false
2026-10-02T01:03:01.817871500Z	volume-guid	\\?\Volume{5b22bd93-5d21-11ec-bf63-7085c24c9111}\
2026-10-02T01:03:01.817871500Z	guards	PASS; Windows/Z:/native exFAT/NIO exFAT/serial/device mapping
2026-10-02T01:03:01.856906400Z	section	cleanup exact marked fixture; no recursive deletion
2026-10-02T01:03:01.861907900Z	aborted-run-cleanup	no checkpoint created; prior process=22952 is dead; require exact marker/occupants
2026-10-02T01:03:01.865910900Z	cleanup-delete	Z:\media-compare-retained-handle-test\Source\Intermediate\ProtectedA.bin
2026-10-02T01:03:01.866911500Z	cleanup-delete	Z:\media-compare-retained-handle-test\Source\Intermediate\ProtectedB.bin
2026-10-02T01:03:01.866911500Z	cleanup-delete	Z:\media-compare-retained-handle-test\Source\Intermediate
2026-10-02T01:03:01.866911500Z	cleanup-delete	Z:\media-compare-retained-handle-test\Source
2026-10-02T01:03:01.866911500Z	cleanup-delete	Z:\media-compare-retained-handle-test\MoveTarget
2026-10-02T01:03:01.867914900Z	cleanup-delete	Z:\media-compare-retained-handle-test\owner.txt
2026-10-02T01:03:01.867914900Z	cleanup-delete	Z:\media-compare-retained-handle-test
2026-10-02T01:03:01.868914500Z	cleanup-result	fixtureExists=false; no recursive deletion; no Source/catalog/media touched
2026-10-02T01:03:01.868914500Z	end	success=true; trackedFileDirectoryHandles=0
2026-10-02T01:03:02.080097Z	begin	mode=retry; pid=13316; cwd=D:\Dev\projects\ai-projects\media-compare; os=Windows 10; java=21.0.12.1
2026-10-02T01:03:02.118128100Z	section	initial guards; no fixture mutation yet
2026-10-02T01:03:02.330302300Z	volume	device=\Device\VeraCryptVolumeZ; nativeFs=exFAT; nioFs=exFAT; serial=98d16f05; expected=98d16f05; label=; flags=00020206; maximumComponent=255; readOnly=false
2026-10-02T01:03:02.359315500Z	volume-guid	\\?\Volume{5b22bd93-5d21-11ec-bf63-7085c24c9111}\
2026-10-02T01:03:02.409356800Z	guards	PASS; Windows/Z:/native exFAT/NIO exFAT/serial/device mapping
2026-10-02T01:03:03.001843400Z	fixture	created exact marked fixture=Z:\media-compare-retained-handle-test; A/B each=256 bytes; disposable BMP payloads
2026-10-02T01:03:03.003843900Z	known-bytes	A.sha256=8973eb01f650b8bd43f628944d8ba63d9b0bb345741fc66938b13bf468e4eda2; B.sha256=efafc01df4922033a06038649683cc1ac569e5ea4b183cba606a7021428fa1f4
2026-10-02T01:03:03.014863400Z	nio	path=Z:\media-compare-retained-handle-test\Source\Intermediate\ProtectedA.bin; real=Z:\media-compare-retained-handle-test\Source\Intermediate\ProtectedA.bin; size=256; directory=false; regular=true; other=false; link=false; key=null; created=2026-10-02T01:03:02.99Z; access=2026-10-02T01:03:04Z; mtime=2026-10-02T01:03:04Z
2026-10-02T01:03:03.015853900Z	nio	path=Z:\media-compare-retained-handle-test\Source\Intermediate\ProtectedB.bin; real=Z:\media-compare-retained-handle-test\Source\Intermediate\ProtectedB.bin; size=256; directory=false; regular=true; other=false; link=false; key=null; created=2026-10-02T01:03:02.99Z; access=2026-10-02T01:03:04Z; mtime=2026-10-02T01:03:04Z
2026-10-02T01:03:03.016854500Z	section	A/E directory-chain protection; independently opened pathname operations in same process
2026-10-02T01:03:03.023860100Z	CreateFile	path=Z:\; access=80000000; share=3; disposition=3; flags=02200000; security=NULL/non-inheritable; success=true; error=0
2026-10-02T01:03:03.030866100Z	handle-flags	path=Z:\; Result[success=true, error=0]; flags=0; native=1248
2026-10-02T01:03:03.032870Z	CreateFile	path=Z:\media-compare-retained-handle-test; access=80000000; share=3; disposition=3; flags=02200000; security=NULL/non-inheritable; success=true; error=0
2026-10-02T01:03:03.032870Z	handle-flags	path=Z:\media-compare-retained-handle-test; Result[success=true, error=0]; flags=0; native=1272
2026-10-02T01:03:03.033869200Z	CreateFile	path=Z:\media-compare-retained-handle-test\Source; access=80000000; share=3; disposition=3; flags=02200000; security=NULL/non-inheritable; success=true; error=0
2026-10-02T01:03:03.034870500Z	handle-flags	path=Z:\media-compare-retained-handle-test\Source; Result[success=true, error=0]; flags=0; native=1276
2026-10-02T01:03:03.035871Z	CreateFile	path=Z:\media-compare-retained-handle-test\Source\Intermediate; access=80000000; share=3; disposition=3; flags=02200000; security=NULL/non-inheritable; success=true; error=0
2026-10-02T01:03:03.035871Z	handle-flags	path=Z:\media-compare-retained-handle-test\Source\Intermediate; Result[success=true, error=0]; flags=0; native=1280
2026-10-02T01:03:03.051883900Z	retained-handle	path=Z:\media-compare-retained-handle-test\Source; native=1276; attributes=00000010; serial=98d16f05; index64=000000a5864c0060; size=0; creation100ns=134353765828800000(2026-10-02T01:03:02.880Z); access100ns=134353765820000000(2026-10-02T01:03:02Z); mtime100ns=134353765828800000(2026-10-02T01:03:02.880Z); final=\\?\Z:\media-compare-retained-handle-test\Source
2026-10-02T01:03:03.052885300Z	retained-handle	path=Z:\media-compare-retained-handle-test\Source\Intermediate; native=1280; attributes=00000010; serial=98d16f05; index64=000000a586540000; size=0; creation100ns=134353765829600000(2026-10-02T01:03:02.960Z); access100ns=134353765820000000(2026-10-02T01:03:02Z); mtime100ns=134353765829600000(2026-10-02T01:03:02.960Z); final=\\?\Z:\media-compare-retained-handle-test\Source\Intermediate
2026-10-02T01:03:03.053885700Z	retained-handle	path=Z:\; native=1248; attributes=00000010; serial=98d16f05; index64=0000000000000000; size=0; creation100ns=119600208000000000(1980-01-01T04:00:00Z); access100ns=119600208000000000(1980-01-01T04:00:00Z); mtime100ns=119600208000000000(1980-01-01T04:00:00Z); final=\\?\Z:\
2026-10-02T01:03:03.054886100Z	retained-handle	path=Z:\media-compare-retained-handle-test; native=1272; attributes=00000010; serial=98d16f05; index64=00000000012c0440; size=0; creation100ns=134353765824900000(2026-10-02T01:03:02.490Z); access100ns=134353765820000000(2026-10-02T01:03:02Z); mtime100ns=134353765824900000(2026-10-02T01:03:02.490Z); final=\\?\Z:\media-compare-retained-handle-test
2026-10-02T01:03:03.055887100Z	protected-attempt	directory-rename Z:\media-compare-retained-handle-test\Source; Result[success=false, error=32]
2026-10-02T01:03:03.056888200Z	protected-attempt	directory-move Z:\media-compare-retained-handle-test\Source; Result[success=false, error=32]
2026-10-02T01:03:03.057889200Z	nonempty-directory-delete	path=Z:\media-compare-retained-handle-test\Source; Result[success=false, error=32]; empty-directory test follows
2026-10-02T01:03:03.058889600Z	protected-attempt	directory-rename Z:\media-compare-retained-handle-test\Source\Intermediate; Result[success=false, error=32]
2026-10-02T01:03:03.058889600Z	protected-attempt	directory-move Z:\media-compare-retained-handle-test\Source\Intermediate; Result[success=false, error=32]
2026-10-02T01:03:03.059891800Z	nonempty-directory-delete	path=Z:\media-compare-retained-handle-test\Source\Intermediate; Result[success=false, error=32]; empty-directory test follows
2026-10-02T01:03:03.060892900Z	retained-handle	path=Z:\media-compare-retained-handle-test\Source; native=1276; attributes=00000010; serial=98d16f05; index64=000000a5864c0060; size=0; creation100ns=134353765828800000(2026-10-02T01:03:02.880Z); access100ns=134353765820000000(2026-10-02T01:03:02Z); mtime100ns=134353765828800000(2026-10-02T01:03:02.880Z); final=\\?\Z:\media-compare-retained-handle-test\Source
2026-10-02T01:03:03.061892300Z	retained-handle	path=Z:\media-compare-retained-handle-test\Source\Intermediate; native=1280; attributes=00000010; serial=98d16f05; index64=000000a586540000; size=0; creation100ns=134353765829600000(2026-10-02T01:03:02.960Z); access100ns=134353765820000000(2026-10-02T01:03:02Z); mtime100ns=134353765829600000(2026-10-02T01:03:02.960Z); final=\\?\Z:\media-compare-retained-handle-test\Source\Intermediate
2026-10-02T01:03:03.067899Z	protected-attempt	empty-intermediate-delete; Result[success=false, error=32]
2026-10-02T01:03:03.069899300Z	retained-handle	path=Z:\media-compare-retained-handle-test\Source\Intermediate; native=1280; attributes=00000010; serial=98d16f05; index64=000000a586540000; size=0; creation100ns=134353765829600000(2026-10-02T01:03:02.960Z); access100ns=134353765820000000(2026-10-02T01:03:02Z); mtime100ns=134353765829600000(2026-10-02T01:03:02.960Z); final=\\?\Z:\media-compare-retained-handle-test\Source\Intermediate
2026-10-02T01:03:03.073904Z	close	path=Z:\media-compare-retained-handle-test\Source\Intermediate; native=1280; Result[success=true, error=0]; remaining=3
2026-10-02T01:03:03.074904300Z	unprotected-control	empty-intermediate-delete-after-close; Result[success=true, error=0]
2026-10-02T01:03:03.075904400Z	protected-attempt	empty-source-delete; Result[success=false, error=32]
2026-10-02T01:03:03.076905100Z	retained-handle	path=Z:\media-compare-retained-handle-test\Source; native=1276; attributes=00000010; serial=98d16f05; index64=000000a5864c0060; size=0; creation100ns=134353765828800000(2026-10-02T01:03:02.880Z); access100ns=134353765820000000(2026-10-02T01:03:02Z); mtime100ns=134353765828800000(2026-10-02T01:03:02.880Z); final=\\?\Z:\media-compare-retained-handle-test\Source
2026-10-02T01:03:03.077904900Z	close	path=Z:\media-compare-retained-handle-test\Source; native=1276; Result[success=true, error=0]; remaining=2
2026-10-02T01:03:03.078906800Z	unprotected-control	empty-source-delete-after-close; Result[success=true, error=0]
2026-10-02T01:03:03.078906800Z	close	path=Z:\media-compare-retained-handle-test; native=1272; Result[success=true, error=0]; remaining=1
2026-10-02T01:03:03.080908600Z	close	path=Z:\; native=1248; Result[success=true, error=0]; remaining=0
2026-10-02T01:03:03.105928400Z	unprotected-control	directory-rename-after-close; Result[success=true, error=0]
2026-10-02T01:03:03.106928500Z	unprotected-control	directory-rename-restore; Result[success=true, error=0]
2026-10-02T01:03:03.108930200Z	unprotected-control	directory-move-after-close; Result[success=true, error=0]
2026-10-02T01:03:03.109930900Z	unprotected-control	directory-move-restore; Result[success=true, error=0]
2026-10-02T01:03:03.111933400Z	unprotected-control	directory-rename-after-close; Result[success=true, error=0]
2026-10-02T01:03:03.112934100Z	unprotected-control	directory-rename-restore; Result[success=true, error=0]
2026-10-02T01:03:03.113934800Z	unprotected-control	directory-move-after-close; Result[success=true, error=0]
2026-10-02T01:03:03.114936100Z	unprotected-control	directory-move-restore; Result[success=true, error=0]
2026-10-02T01:03:03.115936900Z	A-result	PASS; protected rename/move/empty-delete blocked; unprotected controls succeeded; handles closed
2026-10-02T01:03:03.116938Z	section	B/D/E protected file sharing, readers, retained-handle SHA-256 and before/after evidence
2026-10-02T01:03:03.120941200Z	nio	path=Z:\media-compare-retained-handle-test\Source\Intermediate\ProtectedA.bin; real=Z:\media-compare-retained-handle-test\Source\Intermediate\ProtectedA.bin; size=256; directory=false; regular=true; other=false; link=false; key=null; created=2026-10-02T01:03:03.1Z; access=2026-10-02T01:03:04Z; mtime=2026-01-15T12:34:56Z
2026-10-02T01:03:03.121942300Z	nio	path=Z:\media-compare-retained-handle-test\Source\Intermediate\ProtectedB.bin; real=Z:\media-compare-retained-handle-test\Source\Intermediate\ProtectedB.bin; size=256; directory=false; regular=true; other=false; link=false; key=null; created=2026-10-02T01:03:03.1Z; access=2026-10-02T01:03:04Z; mtime=2026-01-15T12:34:56Z
2026-10-02T01:03:03.123945700Z	CreateFile	path=Z:\; access=80000000; share=3; disposition=3; flags=02200000; security=NULL/non-inheritable; success=true; error=0
2026-10-02T01:03:03.124943600Z	handle-flags	path=Z:\; Result[success=true, error=0]; flags=0; native=1272
2026-10-02T01:03:03.126945100Z	retained-handle	path=Z:\; native=1272; attributes=00000010; serial=98d16f05; index64=0000000000000000; size=0; creation100ns=119600208000000000(1980-01-01T04:00:00Z); access100ns=119600208000000000(1980-01-01T04:00:00Z); mtime100ns=119600208000000000(1980-01-01T04:00:00Z); final=\\?\Z:\
2026-10-02T01:03:03.128948300Z	CreateFile	path=Z:\media-compare-retained-handle-test; access=80000000; share=3; disposition=3; flags=02200000; security=NULL/non-inheritable; success=true; error=0
2026-10-02T01:03:03.129948100Z	handle-flags	path=Z:\media-compare-retained-handle-test; Result[success=true, error=0]; flags=0; native=1292
2026-10-02T01:03:03.131948500Z	retained-handle	path=Z:\media-compare-retained-handle-test; native=1292; attributes=00000010; serial=98d16f05; index64=00000000012c0440; size=0; creation100ns=134353765824900000(2026-10-02T01:03:02.490Z); access100ns=134353765820000000(2026-10-02T01:03:02Z); mtime100ns=134353765824900000(2026-10-02T01:03:02.490Z); final=\\?\Z:\media-compare-retained-handle-test
2026-10-02T01:03:03.132949800Z	CreateFile	path=Z:\media-compare-retained-handle-test\Source; access=80000000; share=3; disposition=3; flags=02200000; security=NULL/non-inheritable; success=true; error=0
2026-10-02T01:03:03.133950700Z	handle-flags	path=Z:\media-compare-retained-handle-test\Source; Result[success=true, error=0]; flags=0; native=1280
2026-10-02T01:03:03.143958300Z	retained-handle	path=Z:\media-compare-retained-handle-test\Source; native=1280; attributes=00000010; serial=98d16f05; index64=000000a5864c0180; size=0; creation100ns=134353765830800000(2026-10-02T01:03:03.080Z); access100ns=134353765820000000(2026-10-02T01:03:02Z); mtime100ns=134353765830800000(2026-10-02T01:03:03.080Z); final=\\?\Z:\media-compare-retained-handle-test\Source
2026-10-02T01:03:03.143958300Z	CreateFile	path=Z:\media-compare-retained-handle-test\Source\Intermediate; access=80000000; share=3; disposition=3; flags=02200000; security=NULL/non-inheritable; success=true; error=0
2026-10-02T01:03:03.144959800Z	handle-flags	path=Z:\media-compare-retained-handle-test\Source\Intermediate; Result[success=true, error=0]; flags=0; native=1276
2026-10-02T01:03:03.145960400Z	retained-handle	path=Z:\media-compare-retained-handle-test\Source\Intermediate; native=1276; attributes=00000010; serial=98d16f05; index64=000000a586540140; size=0; creation100ns=134353765830900000(2026-10-02T01:03:03.090Z); access100ns=134353765820000000(2026-10-02T01:03:02Z); mtime100ns=134353765830900000(2026-10-02T01:03:03.090Z); final=\\?\Z:\media-compare-retained-handle-test\Source\Intermediate
2026-10-02T01:03:03.147962200Z	CreateFile	path=Z:\media-compare-retained-handle-test\Source\Intermediate\ProtectedA.bin; access=80000000; share=1; disposition=3; flags=00200000; security=NULL/non-inheritable; success=true; error=0
2026-10-02T01:03:03.148962800Z	handle-flags	path=Z:\media-compare-retained-handle-test\Source\Intermediate\ProtectedA.bin; Result[success=true, error=0]; flags=0; native=1296
2026-10-02T01:03:03.149963400Z	retained-handle	path=Z:\media-compare-retained-handle-test\Source\Intermediate\ProtectedA.bin; native=1296; attributes=00000020; serial=98d16f05; index64=000000a586580000; size=256; creation100ns=134353765831000000(2026-10-02T01:03:03.100Z); access100ns=134353765840000000(2026-10-02T01:03:04Z); mtime100ns=134129540960000000(2026-01-15T12:34:56Z); final=\\?\Z:\media-compare-retained-handle-test\Source\Intermediate\ProtectedA.bin
2026-10-02T01:03:03.150965Z	CreateFile	path=Z:\media-compare-retained-handle-test\Source\Intermediate\ProtectedA.bin; access=40000000; share=7; disposition=3; flags=00200000; security=NULL/non-inheritable; success=false; error=32
2026-10-02T01:03:03.153967Z	protected-attempt	overwrite; Result[success=false, error=32]
2026-10-02T01:03:03.155970200Z	retained-handle	path=Z:\media-compare-retained-handle-test\Source\Intermediate\ProtectedA.bin; native=1296; attributes=00000020; serial=98d16f05; index64=000000a586580000; size=256; creation100ns=134353765831000000(2026-10-02T01:03:03.100Z); access100ns=134353765840000000(2026-10-02T01:03:04Z); mtime100ns=134129540960000000(2026-01-15T12:34:56Z); final=\\?\Z:\media-compare-retained-handle-test\Source\Intermediate\ProtectedA.bin
2026-10-02T01:03:03.157971800Z	retained-handle	path=Z:\; native=1272; attributes=00000010; serial=98d16f05; index64=0000000000000000; size=0; creation100ns=119600208000000000(1980-01-01T04:00:00Z); access100ns=119600208000000000(1980-01-01T04:00:00Z); mtime100ns=119600208000000000(1980-01-01T04:00:00Z); final=\\?\Z:\
2026-10-02T01:03:03.158973400Z	retained-handle	path=Z:\media-compare-retained-handle-test; native=1292; attributes=00000010; serial=98d16f05; index64=00000000012c0440; size=0; creation100ns=134353765824900000(2026-10-02T01:03:02.490Z); access100ns=134353765820000000(2026-10-02T01:03:02Z); mtime100ns=134353765824900000(2026-10-02T01:03:02.490Z); final=\\?\Z:\media-compare-retained-handle-test
2026-10-02T01:03:03.160973700Z	retained-handle	path=Z:\media-compare-retained-handle-test\Source; native=1280; attributes=00000010; serial=98d16f05; index64=000000a5864c0180; size=0; creation100ns=134353765830800000(2026-10-02T01:03:03.080Z); access100ns=134353765820000000(2026-10-02T01:03:02Z); mtime100ns=134353765830800000(2026-10-02T01:03:03.080Z); final=\\?\Z:\media-compare-retained-handle-test\Source
2026-10-02T01:03:03.161973900Z	retained-handle	path=Z:\media-compare-retained-handle-test\Source\Intermediate; native=1276; attributes=00000010; serial=98d16f05; index64=000000a586540140; size=0; creation100ns=134353765830900000(2026-10-02T01:03:03.090Z); access100ns=134353765820000000(2026-10-02T01:03:02Z); mtime100ns=134353765830900000(2026-10-02T01:03:03.090Z); final=\\?\Z:\media-compare-retained-handle-test\Source\Intermediate
2026-10-02T01:03:03.162974100Z	CreateFile	path=Z:\media-compare-retained-handle-test\Source\Intermediate\ProtectedA.bin; access=40000000; share=7; disposition=5; flags=00200000; security=NULL/non-inheritable; success=false; error=32
2026-10-02T01:03:03.163977100Z	protected-attempt	truncate-write; Result[success=false, error=32]
2026-10-02T01:03:03.165977200Z	retained-handle	path=Z:\media-compare-retained-handle-test\Source\Intermediate\ProtectedA.bin; native=1296; attributes=00000020; serial=98d16f05; index64=000000a586580000; size=256; creation100ns=134353765831000000(2026-10-02T01:03:03.100Z); access100ns=134353765840000000(2026-10-02T01:03:04Z); mtime100ns=134129540960000000(2026-01-15T12:34:56Z); final=\\?\Z:\media-compare-retained-handle-test\Source\Intermediate\ProtectedA.bin
2026-10-02T01:03:03.166978300Z	retained-handle	path=Z:\; native=1272; attributes=00000010; serial=98d16f05; index64=0000000000000000; size=0; creation100ns=119600208000000000(1980-01-01T04:00:00Z); access100ns=119600208000000000(1980-01-01T04:00:00Z); mtime100ns=119600208000000000(1980-01-01T04:00:00Z); final=\\?\Z:\
2026-10-02T01:03:03.168980700Z	retained-handle	path=Z:\media-compare-retained-handle-test; native=1292; attributes=00000010; serial=98d16f05; index64=00000000012c0440; size=0; creation100ns=134353765824900000(2026-10-02T01:03:02.490Z); access100ns=134353765820000000(2026-10-02T01:03:02Z); mtime100ns=134353765824900000(2026-10-02T01:03:02.490Z); final=\\?\Z:\media-compare-retained-handle-test
2026-10-02T01:03:03.169981100Z	retained-handle	path=Z:\media-compare-retained-handle-test\Source; native=1280; attributes=00000010; serial=98d16f05; index64=000000a5864c0180; size=0; creation100ns=134353765830800000(2026-10-02T01:03:03.080Z); access100ns=134353765820000000(2026-10-02T01:03:02Z); mtime100ns=134353765830800000(2026-10-02T01:03:03.080Z); final=\\?\Z:\media-compare-retained-handle-test\Source
2026-10-02T01:03:03.170981300Z	retained-handle	path=Z:\media-compare-retained-handle-test\Source\Intermediate; native=1276; attributes=00000010; serial=98d16f05; index64=000000a586540140; size=0; creation100ns=134353765830900000(2026-10-02T01:03:03.090Z); access100ns=134353765820000000(2026-10-02T01:03:02Z); mtime100ns=134353765830900000(2026-10-02T01:03:03.090Z); final=\\?\Z:\media-compare-retained-handle-test\Source\Intermediate
2026-10-02T01:03:03.171981300Z	protected-attempt	delete; Result[success=false, error=32]
2026-10-02T01:03:03.173985700Z	retained-handle	path=Z:\media-compare-retained-handle-test\Source\Intermediate\ProtectedA.bin; native=1296; attributes=00000020; serial=98d16f05; index64=000000a586580000; size=256; creation100ns=134353765831000000(2026-10-02T01:03:03.100Z); access100ns=134353765840000000(2026-10-02T01:03:04Z); mtime100ns=134129540960000000(2026-01-15T12:34:56Z); final=\\?\Z:\media-compare-retained-handle-test\Source\Intermediate\ProtectedA.bin
2026-10-02T01:03:03.174985500Z	retained-handle	path=Z:\; native=1272; attributes=00000010; serial=98d16f05; index64=0000000000000000; size=0; creation100ns=119600208000000000(1980-01-01T04:00:00Z); access100ns=119600208000000000(1980-01-01T04:00:00Z); mtime100ns=119600208000000000(1980-01-01T04:00:00Z); final=\\?\Z:\
2026-10-02T01:03:03.175985100Z	retained-handle	path=Z:\media-compare-retained-handle-test; native=1292; attributes=00000010; serial=98d16f05; index64=00000000012c0440; size=0; creation100ns=134353765824900000(2026-10-02T01:03:02.490Z); access100ns=134353765820000000(2026-10-02T01:03:02Z); mtime100ns=134353765824900000(2026-10-02T01:03:02.490Z); final=\\?\Z:\media-compare-retained-handle-test
2026-10-02T01:03:03.177988Z	retained-handle	path=Z:\media-compare-retained-handle-test\Source; native=1280; attributes=00000010; serial=98d16f05; index64=000000a5864c0180; size=0; creation100ns=134353765830800000(2026-10-02T01:03:03.080Z); access100ns=134353765820000000(2026-10-02T01:03:02Z); mtime100ns=134353765830800000(2026-10-02T01:03:03.080Z); final=\\?\Z:\media-compare-retained-handle-test\Source
2026-10-02T01:03:03.178988Z	retained-handle	path=Z:\media-compare-retained-handle-test\Source\Intermediate; native=1276; attributes=00000010; serial=98d16f05; index64=000000a586540140; size=0; creation100ns=134353765830900000(2026-10-02T01:03:03.090Z); access100ns=134353765820000000(2026-10-02T01:03:02Z); mtime100ns=134353765830900000(2026-10-02T01:03:03.090Z); final=\\?\Z:\media-compare-retained-handle-test\Source\Intermediate
2026-10-02T01:03:03.179989600Z	protected-attempt	rename; Result[success=false, error=32]
2026-10-02T01:03:03.181990Z	retained-handle	path=Z:\media-compare-retained-handle-test\Source\Intermediate\ProtectedA.bin; native=1296; attributes=00000020; serial=98d16f05; index64=000000a586580000; size=256; creation100ns=134353765831000000(2026-10-02T01:03:03.100Z); access100ns=134353765840000000(2026-10-02T01:03:04Z); mtime100ns=134129540960000000(2026-01-15T12:34:56Z); final=\\?\Z:\media-compare-retained-handle-test\Source\Intermediate\ProtectedA.bin
2026-10-02T01:03:03.182990500Z	retained-handle	path=Z:\; native=1272; attributes=00000010; serial=98d16f05; index64=0000000000000000; size=0; creation100ns=119600208000000000(1980-01-01T04:00:00Z); access100ns=119600208000000000(1980-01-01T04:00:00Z); mtime100ns=119600208000000000(1980-01-01T04:00:00Z); final=\\?\Z:\
2026-10-02T01:03:03.183991800Z	retained-handle	path=Z:\media-compare-retained-handle-test; native=1292; attributes=00000010; serial=98d16f05; index64=00000000012c0440; size=0; creation100ns=134353765824900000(2026-10-02T01:03:02.490Z); access100ns=134353765820000000(2026-10-02T01:03:02Z); mtime100ns=134353765824900000(2026-10-02T01:03:02.490Z); final=\\?\Z:\media-compare-retained-handle-test
2026-10-02T01:03:03.184993Z	retained-handle	path=Z:\media-compare-retained-handle-test\Source; native=1280; attributes=00000010; serial=98d16f05; index64=000000a5864c0180; size=0; creation100ns=134353765830800000(2026-10-02T01:03:03.080Z); access100ns=134353765820000000(2026-10-02T01:03:02Z); mtime100ns=134353765830800000(2026-10-02T01:03:03.080Z); final=\\?\Z:\media-compare-retained-handle-test\Source
2026-10-02T01:03:03.187004900Z	retained-handle	path=Z:\media-compare-retained-handle-test\Source\Intermediate; native=1276; attributes=00000010; serial=98d16f05; index64=000000a586540140; size=0; creation100ns=134353765830900000(2026-10-02T01:03:03.090Z); access100ns=134353765820000000(2026-10-02T01:03:02Z); mtime100ns=134353765830900000(2026-10-02T01:03:03.090Z); final=\\?\Z:\media-compare-retained-handle-test\Source\Intermediate
2026-10-02T01:03:03.187004900Z	protected-attempt	move; Result[success=false, error=32]
2026-10-02T01:03:03.188996900Z	retained-handle	path=Z:\media-compare-retained-handle-test\Source\Intermediate\ProtectedA.bin; native=1296; attributes=00000020; serial=98d16f05; index64=000000a586580000; size=256; creation100ns=134353765831000000(2026-10-02T01:03:03.100Z); access100ns=134353765840000000(2026-10-02T01:03:04Z); mtime100ns=134129540960000000(2026-01-15T12:34:56Z); final=\\?\Z:\media-compare-retained-handle-test\Source\Intermediate\ProtectedA.bin
2026-10-02T01:03:03.189996800Z	retained-handle	path=Z:\; native=1272; attributes=00000010; serial=98d16f05; index64=0000000000000000; size=0; creation100ns=119600208000000000(1980-01-01T04:00:00Z); access100ns=119600208000000000(1980-01-01T04:00:00Z); mtime100ns=119600208000000000(1980-01-01T04:00:00Z); final=\\?\Z:\
2026-10-02T01:03:03.190997200Z	retained-handle	path=Z:\media-compare-retained-handle-test; native=1292; attributes=00000010; serial=98d16f05; index64=00000000012c0440; size=0; creation100ns=134353765824900000(2026-10-02T01:03:02.490Z); access100ns=134353765820000000(2026-10-02T01:03:02Z); mtime100ns=134353765824900000(2026-10-02T01:03:02.490Z); final=\\?\Z:\media-compare-retained-handle-test
2026-10-02T01:03:03.191998600Z	retained-handle	path=Z:\media-compare-retained-handle-test\Source; native=1280; attributes=00000010; serial=98d16f05; index64=000000a5864c0180; size=0; creation100ns=134353765830800000(2026-10-02T01:03:03.080Z); access100ns=134353765820000000(2026-10-02T01:03:02Z); mtime100ns=134353765830800000(2026-10-02T01:03:03.080Z); final=\\?\Z:\media-compare-retained-handle-test\Source
2026-10-02T01:03:03.193999300Z	retained-handle	path=Z:\media-compare-retained-handle-test\Source\Intermediate; native=1276; attributes=00000010; serial=98d16f05; index64=000000a586540140; size=0; creation100ns=134353765830900000(2026-10-02T01:03:03.090Z); access100ns=134353765820000000(2026-10-02T01:03:02Z); mtime100ns=134353765830900000(2026-10-02T01:03:03.090Z); final=\\?\Z:\media-compare-retained-handle-test\Source\Intermediate
2026-10-02T01:03:03.195000300Z	protected-attempt	equal-size-mtime-replace; Result[success=false, error=5]
2026-10-02T01:03:03.196001200Z	retained-handle	path=Z:\media-compare-retained-handle-test\Source\Intermediate\ProtectedA.bin; native=1296; attributes=00000020; serial=98d16f05; index64=000000a586580000; size=256; creation100ns=134353765831000000(2026-10-02T01:03:03.100Z); access100ns=134353765840000000(2026-10-02T01:03:04Z); mtime100ns=134129540960000000(2026-01-15T12:34:56Z); final=\\?\Z:\media-compare-retained-handle-test\Source\Intermediate\ProtectedA.bin
2026-10-02T01:03:03.197001700Z	retained-handle	path=Z:\; native=1272; attributes=00000010; serial=98d16f05; index64=0000000000000000; size=0; creation100ns=119600208000000000(1980-01-01T04:00:00Z); access100ns=119600208000000000(1980-01-01T04:00:00Z); mtime100ns=119600208000000000(1980-01-01T04:00:00Z); final=\\?\Z:\
2026-10-02T01:03:03.198002500Z	retained-handle	path=Z:\media-compare-retained-handle-test; native=1292; attributes=00000010; serial=98d16f05; index64=00000000012c0440; size=0; creation100ns=134353765824900000(2026-10-02T01:03:02.490Z); access100ns=134353765820000000(2026-10-02T01:03:02Z); mtime100ns=134353765824900000(2026-10-02T01:03:02.490Z); final=\\?\Z:\media-compare-retained-handle-test
2026-10-02T01:03:03.199003600Z	retained-handle	path=Z:\media-compare-retained-handle-test\Source; native=1280; attributes=00000010; serial=98d16f05; index64=000000a5864c0180; size=0; creation100ns=134353765830800000(2026-10-02T01:03:03.080Z); access100ns=134353765820000000(2026-10-02T01:03:02Z); mtime100ns=134353765830800000(2026-10-02T01:03:03.080Z); final=\\?\Z:\media-compare-retained-handle-test\Source
2026-10-02T01:03:03.200005600Z	retained-handle	path=Z:\media-compare-retained-handle-test\Source\Intermediate; native=1276; attributes=00000010; serial=98d16f05; index64=000000a586540140; size=0; creation100ns=134353765830900000(2026-10-02T01:03:03.090Z); access100ns=134353765820000000(2026-10-02T01:03:02Z); mtime100ns=134353765830900000(2026-10-02T01:03:03.090Z); final=\\?\Z:\media-compare-retained-handle-test\Source\Intermediate
2026-10-02T01:03:03.204008300Z	same-retained-handle-hash	native=1296; count=256; sha256=8973eb01f650b8bd43f628944d8ba63d9b0bb345741fc66938b13bf468e4eda2; expected=8973eb01f650b8bd43f628944d8ba63d9b0bb345741fc66938b13bf468e4eda2
2026-10-02T01:03:03.206009200Z	CreateFile	path=Z:\media-compare-retained-handle-test\Source\Intermediate\ProtectedA.bin; access=80000000; share=7; disposition=3; flags=00200000; security=NULL/non-inheritable; success=true; error=0
2026-10-02T01:03:03.207010400Z	handle-flags	path=Z:\media-compare-retained-handle-test\Source\Intermediate\ProtectedA.bin; Result[success=true, error=0]; flags=0; native=1304
2026-10-02T01:03:03.208011500Z	compatible-native-reader	count=256; sha256=8973eb01f650b8bd43f628944d8ba63d9b0bb345741fc66938b13bf468e4eda2
2026-10-02T01:03:03.209013200Z	close	path=Z:\media-compare-retained-handle-test\Source\Intermediate\ProtectedA.bin; native=1304; Result[success=true, error=0]; remaining=5
2026-10-02T01:03:03.210015600Z	ordinary-nio-reader	count=256; sha256=8973eb01f650b8bd43f628944d8ba63d9b0bb345741fc66938b13bf468e4eda2
2026-10-02T01:03:03.220021200Z	compatible-jdk-decoder	ImageIO pathname BMP read; width=2; height=2; RGB=-15654349
2026-10-02T01:03:03.222033500Z	retained-handle	path=Z:\media-compare-retained-handle-test\Source\Intermediate\ProtectedA.bin; native=1296; attributes=00000020; serial=98d16f05; index64=000000a586580000; size=256; creation100ns=134353765831000000(2026-10-02T01:03:03.100Z); access100ns=134353765840000000(2026-10-02T01:03:04Z); mtime100ns=134129540960000000(2026-01-15T12:34:56Z); final=\\?\Z:\media-compare-retained-handle-test\Source\Intermediate\ProtectedA.bin
2026-10-02T01:03:03.223023500Z	close	path=Z:\media-compare-retained-handle-test\Source\Intermediate\ProtectedA.bin; native=1296; Result[success=true, error=0]; remaining=4
2026-10-02T01:03:03.223023500Z	close	path=Z:\media-compare-retained-handle-test\Source\Intermediate; native=1276; Result[success=true, error=0]; remaining=3
2026-10-02T01:03:03.224024600Z	close	path=Z:\media-compare-retained-handle-test\Source; native=1280; Result[success=true, error=0]; remaining=2
2026-10-02T01:03:03.224024600Z	close	path=Z:\media-compare-retained-handle-test; native=1292; Result[success=true, error=0]; remaining=1
2026-10-02T01:03:03.225025500Z	close	path=Z:\; native=1272; Result[success=true, error=0]; remaining=0
2026-10-02T01:03:03.226026400Z	CreateFile	path=Z:\media-compare-retained-handle-test\Source\Intermediate\ProtectedA.bin; access=40000000; share=7; disposition=3; flags=00200000; security=NULL/non-inheritable; success=true; error=0
2026-10-02T01:03:03.226026400Z	handle-flags	path=Z:\media-compare-retained-handle-test\Source\Intermediate\ProtectedA.bin; Result[success=true, error=0]; flags=0; native=1272
2026-10-02T01:03:03.230040100Z	WriteFile	truncate=false; Result[success=true, error=0]; bytesWritten=256
2026-10-02T01:03:03.231030500Z	close	path=Z:\media-compare-retained-handle-test\Source\Intermediate\ProtectedA.bin; native=1272; Result[success=true, error=0]; remaining=0
2026-10-02T01:03:03.231030500Z	unprotected-control	overwrite-after-close; Result[success=true, error=0]
2026-10-02T01:03:03.233032100Z	CreateFile	path=Z:\media-compare-retained-handle-test\Source\Intermediate\ProtectedA.bin; access=40000000; share=7; disposition=5; flags=00200000; security=NULL/non-inheritable; success=true; error=0
2026-10-02T01:03:03.234032200Z	handle-flags	path=Z:\media-compare-retained-handle-test\Source\Intermediate\ProtectedA.bin; Result[success=true, error=0]; flags=0; native=1272
2026-10-02T01:03:03.235035300Z	WriteFile	truncate=true; Result[success=true, error=0]; bytesWritten=256
2026-10-02T01:03:03.236034200Z	close	path=Z:\media-compare-retained-handle-test\Source\Intermediate\ProtectedA.bin; native=1272; Result[success=true, error=0]; remaining=0
2026-10-02T01:03:03.236034200Z	unprotected-control	truncate-write-after-close; Result[success=true, error=0]
2026-10-02T01:03:03.237034700Z	unprotected-control	delete-after-close; Result[success=true, error=0]
2026-10-02T01:03:03.239036600Z	unprotected-control	rename-after-close; Result[success=true, error=0]
2026-10-02T01:03:03.240038400Z	unprotected-control	restore-renamed-file; Result[success=true, error=0]
2026-10-02T01:03:03.242039900Z	unprotected-control	move-after-close; Result[success=true, error=0]
2026-10-02T01:03:03.243039600Z	unprotected-control	restore-moved-file; Result[success=true, error=0]
2026-10-02T01:03:03.245041600Z	unprotected-control	equal-size-mtime-replace-after-close; Result[success=true, error=0]
2026-10-02T01:03:03.246042100Z	B/D/E-result	PASS; six mutations blocked; six controls succeeded; native/NIO/decoder readers coexist; same-handle hash matched
2026-10-02T01:03:03.246042100Z	section	C pre-existing separately opened writer and writable mapping
2026-10-02T01:03:03.247043Z	CreateFile	path=Z:\media-compare-retained-handle-test\Source\Intermediate\ProtectedA.bin; access=40000000; share=7; disposition=3; flags=00200000; security=NULL/non-inheritable; success=true; error=0
2026-10-02T01:03:03.248044Z	handle-flags	path=Z:\media-compare-retained-handle-test\Source\Intermediate\ProtectedA.bin; Result[success=true, error=0]; flags=0; native=1248
2026-10-02T01:03:03.249044900Z	CreateFile	path=Z:\media-compare-retained-handle-test\Source\Intermediate\ProtectedA.bin; access=80000000; share=1; disposition=3; flags=00200000; security=NULL/non-inheritable; success=false; error=32
2026-10-02T01:03:03.249044900Z	protected-attempt	pre-existing-writer; Result[success=false, error=32]
2026-10-02T01:03:03.250045400Z	close	path=Z:\media-compare-retained-handle-test\Source\Intermediate\ProtectedA.bin; native=1248; Result[success=true, error=0]; remaining=0
2026-10-02T01:03:03.253048800Z	CreateFile	path=Z:\media-compare-retained-handle-test\Source\Intermediate\ProtectedA.bin; access=c0000000; share=7; disposition=3; flags=00200000; security=NULL/non-inheritable; success=true; error=0
2026-10-02T01:03:03.253048800Z	handle-flags	path=Z:\media-compare-retained-handle-test\Source\Intermediate\ProtectedA.bin; Result[success=true, error=0]; flags=0; native=1248
2026-10-02T01:03:03.255049500Z	CreateFileMapping	PAGE_READWRITE; success=true; error=0
2026-10-02T01:03:03.256050200Z	MapViewOfFile	FILE_MAP_WRITE; success=true; error=0
2026-10-02T01:03:03.258053300Z	CreateFile	path=Z:\media-compare-retained-handle-test\Source\Intermediate\ProtectedA.bin; access=80000000; share=1; disposition=3; flags=00200000; security=NULL/non-inheritable; success=false; error=32
2026-10-02T01:03:03.258053300Z	protected-attempt	writable-map-with-writer-handle; Result[success=false, error=32]
2026-10-02T01:03:03.259053100Z	close	path=Z:\media-compare-retained-handle-test\Source\Intermediate\ProtectedA.bin; native=1248; Result[success=true, error=0]; remaining=0
2026-10-02T01:03:03.260053400Z	CreateFile	path=Z:\media-compare-retained-handle-test\Source\Intermediate\ProtectedA.bin; access=80000000; share=1; disposition=3; flags=00200000; security=NULL/non-inheritable; success=false; error=32
2026-10-02T01:03:03.260053400Z	protected-attempt	writable-map-after-writer-handle-close; Result[success=false, error=32]
2026-10-02T01:03:03.261054500Z	unprotected-control	UnmapViewOfFile; Result[success=true, error=0]
2026-10-02T01:03:03.261054500Z	unprotected-control	CloseHandle-mapping; Result[success=true, error=0]
2026-10-02T01:03:03.262055Z	CreateFile	path=Z:\media-compare-retained-handle-test\Source\Intermediate\ProtectedA.bin; access=80000000; share=1; disposition=3; flags=00200000; security=NULL/non-inheritable; success=true; error=0
2026-10-02T01:03:03.263056Z	handle-flags	path=Z:\media-compare-retained-handle-test\Source\Intermediate\ProtectedA.bin; Result[success=true, error=0]; flags=0; native=1292
2026-10-02T01:03:03.264057200Z	C-control	protected acquisition succeeds after closing writer/mapping/view; hash=8973eb01f650b8bd43f628944d8ba63d9b0bb345741fc66938b13bf468e4eda2
2026-10-02T01:03:03.265058200Z	close	path=Z:\media-compare-retained-handle-test\Source\Intermediate\ProtectedA.bin; native=1292; Result[success=true, error=0]; remaining=0
2026-10-02T01:03:03.266058600Z	C-result	PASS; conflicting writer and writable view rejected; all mapping/writer controls closed
2026-10-02T01:03:03.267059800Z	section	F pre-dismount checkpoint; diagnostic never dismounts anything
2026-10-02T01:03:03.269062Z	CreateFile	path=Z:\; access=80000000; share=3; disposition=3; flags=02200000; security=NULL/non-inheritable; success=true; error=0
2026-10-02T01:03:03.270062700Z	handle-flags	path=Z:\; Result[success=true, error=0]; flags=0; native=1324
2026-10-02T01:03:03.274068100Z	retained-handle	path=Z:\; native=1324; attributes=00000010; serial=98d16f05; index64=0000000000000000; size=0; creation100ns=119600208000000000(1980-01-01T04:00:00Z); access100ns=119600208000000000(1980-01-01T04:00:00Z); mtime100ns=119600208000000000(1980-01-01T04:00:00Z); final=\\?\Z:\
2026-10-02T01:03:03.276068600Z	CreateFile	path=Z:\media-compare-retained-handle-test; access=80000000; share=3; disposition=3; flags=02200000; security=NULL/non-inheritable; success=true; error=0
2026-10-02T01:03:03.277070Z	handle-flags	path=Z:\media-compare-retained-handle-test; Result[success=true, error=0]; flags=0; native=1300
2026-10-02T01:03:03.278071200Z	retained-handle	path=Z:\media-compare-retained-handle-test; native=1300; attributes=00000010; serial=98d16f05; index64=00000000012c0440; size=0; creation100ns=134353765824900000(2026-10-02T01:03:02.490Z); access100ns=134353765820000000(2026-10-02T01:03:02Z); mtime100ns=134353765824900000(2026-10-02T01:03:02.490Z); final=\\?\Z:\media-compare-retained-handle-test
2026-10-02T01:03:03.279070600Z	CreateFile	path=Z:\media-compare-retained-handle-test\Source; access=80000000; share=3; disposition=3; flags=02200000; security=NULL/non-inheritable; success=true; error=0
2026-10-02T01:03:03.280071500Z	handle-flags	path=Z:\media-compare-retained-handle-test\Source; Result[success=true, error=0]; flags=0; native=1248
2026-10-02T01:03:03.281072400Z	retained-handle	path=Z:\media-compare-retained-handle-test\Source; native=1248; attributes=00000010; serial=98d16f05; index64=000000a5864c0180; size=0; creation100ns=134353765830800000(2026-10-02T01:03:03.080Z); access100ns=134353765820000000(2026-10-02T01:03:02Z); mtime100ns=134353765830800000(2026-10-02T01:03:03.080Z); final=\\?\Z:\media-compare-retained-handle-test\Source
2026-10-02T01:03:03.282073400Z	CreateFile	path=Z:\media-compare-retained-handle-test\Source\Intermediate; access=80000000; share=3; disposition=3; flags=02200000; security=NULL/non-inheritable; success=true; error=0
2026-10-02T01:03:03.283074400Z	handle-flags	path=Z:\media-compare-retained-handle-test\Source\Intermediate; Result[success=true, error=0]; flags=0; native=1328
2026-10-02T01:03:03.285074500Z	retained-handle	path=Z:\media-compare-retained-handle-test\Source\Intermediate; native=1328; attributes=00000010; serial=98d16f05; index64=000000a586540140; size=0; creation100ns=134353765830900000(2026-10-02T01:03:03.090Z); access100ns=134353765820000000(2026-10-02T01:03:02Z); mtime100ns=134353765830900000(2026-10-02T01:03:03.090Z); final=\\?\Z:\media-compare-retained-handle-test\Source\Intermediate
2026-10-02T01:03:03.293082400Z	CreateFile	path=Z:\media-compare-retained-handle-test\Source\Intermediate\ProtectedA.bin; access=80000000; share=1; disposition=3; flags=00200000; security=NULL/non-inheritable; success=true; error=0
2026-10-02T01:03:03.294082200Z	handle-flags	path=Z:\media-compare-retained-handle-test\Source\Intermediate\ProtectedA.bin; Result[success=true, error=0]; flags=0; native=1292
2026-10-02T01:03:03.297085700Z	CreateFile	path=Z:\media-compare-retained-handle-test\Source\Intermediate\ProtectedB.bin; access=80000000; share=1; disposition=3; flags=00200000; security=NULL/non-inheritable; success=true; error=0
2026-10-02T01:03:03.298085200Z	handle-flags	path=Z:\media-compare-retained-handle-test\Source\Intermediate\ProtectedB.bin; Result[success=true, error=0]; flags=0; native=1336
2026-10-02T01:03:03.299086300Z	retained-handle	path=Z:\; native=1324; attributes=00000010; serial=98d16f05; index64=0000000000000000; size=0; creation100ns=119600208000000000(1980-01-01T04:00:00Z); access100ns=119600208000000000(1980-01-01T04:00:00Z); mtime100ns=119600208000000000(1980-01-01T04:00:00Z); final=\\?\Z:\
2026-10-02T01:03:03.300086600Z	retained-handle	path=Z:\media-compare-retained-handle-test; native=1300; attributes=00000010; serial=98d16f05; index64=00000000012c0440; size=0; creation100ns=134353765824900000(2026-10-02T01:03:02.490Z); access100ns=134353765820000000(2026-10-02T01:03:02Z); mtime100ns=134353765824900000(2026-10-02T01:03:02.490Z); final=\\?\Z:\media-compare-retained-handle-test
2026-10-02T01:03:03.301087700Z	retained-handle	path=Z:\media-compare-retained-handle-test\Source; native=1248; attributes=00000010; serial=98d16f05; index64=000000a5864c0180; size=0; creation100ns=134353765830800000(2026-10-02T01:03:03.080Z); access100ns=134353765820000000(2026-10-02T01:03:02Z); mtime100ns=134353765830800000(2026-10-02T01:03:03.080Z); final=\\?\Z:\media-compare-retained-handle-test\Source
2026-10-02T01:03:03.303091100Z	retained-handle	path=Z:\media-compare-retained-handle-test\Source\Intermediate; native=1328; attributes=00000010; serial=98d16f05; index64=000000a586540140; size=0; creation100ns=134353765830900000(2026-10-02T01:03:03.090Z); access100ns=134353765820000000(2026-10-02T01:03:02Z); mtime100ns=134353765830900000(2026-10-02T01:03:03.090Z); final=\\?\Z:\media-compare-retained-handle-test\Source\Intermediate
2026-10-02T01:03:03.305091200Z	retained-handle	path=Z:\media-compare-retained-handle-test\Source\Intermediate\ProtectedA.bin; native=1292; attributes=00000020; serial=98d16f05; index64=000000a586580060; size=256; creation100ns=134353765831000000(2026-10-02T01:03:03.100Z); access100ns=134353765840000000(2026-10-02T01:03:04Z); mtime100ns=134353765840000000(2026-10-02T01:03:04Z); final=\\?\Z:\media-compare-retained-handle-test\Source\Intermediate\ProtectedA.bin
2026-10-02T01:03:03.307095Z	retained-handle	path=Z:\media-compare-retained-handle-test\Source\Intermediate\ProtectedB.bin; native=1336; attributes=00000020; serial=98d16f05; index64=000000a586580180; size=256; creation100ns=134353765831000000(2026-10-02T01:03:03.100Z); access100ns=134353765840000000(2026-10-02T01:03:04Z); mtime100ns=134353765840000000(2026-10-02T01:03:04Z); final=\\?\Z:\media-compare-retained-handle-test\Source\Intermediate\ProtectedB.bin
2026-10-02T01:03:03.339119100Z	READY FOR MANUAL VERACRYPT DISMOUNT TEST	pid=13316; window=df01132f-8d21-45ab-b3d0-6dae96620671; handles=6 (Z:\,fixture,Source,Intermediate,A,B); directory share=READ|WRITE; file share=READ; deadline=2026-10-02T02:33:03.269062Z; command file=D:\Dev\projects\ai-projects\media-compare\backend\target\retained-handle-control-2026-10-02\command.txt
2026-10-02T01:22:34.924883800Z	manual-control	command=release; no dismount/remount is performed by this diagnostic
2026-10-02T01:22:34.925884Z	window-revoked	df01132f-8d21-45ab-b3d0-6dae96620671; explicit release; no renewal
2026-10-02T01:22:34.925884Z	window-ending	df01132f-8d21-45ab-b3d0-6dae96620671; explicit release/loss or bounded 90-minute timeout; old UUID never renewed
2026-10-02T01:22:34.926884500Z	close	path=Z:\media-compare-retained-handle-test\Source\Intermediate\ProtectedB.bin; native=1336; Result[success=true, error=0]; remaining=5
2026-10-02T01:22:34.927885400Z	close	path=Z:\media-compare-retained-handle-test\Source\Intermediate\ProtectedA.bin; native=1292; Result[success=true, error=0]; remaining=4
2026-10-02T01:22:34.927885400Z	close	path=Z:\media-compare-retained-handle-test\Source\Intermediate; native=1328; Result[success=true, error=0]; remaining=3
2026-10-02T01:22:34.928886100Z	close	path=Z:\media-compare-retained-handle-test\Source; native=1248; Result[success=true, error=0]; remaining=2
2026-10-02T01:22:34.928886100Z	close	path=Z:\media-compare-retained-handle-test; native=1300; Result[success=true, error=0]; remaining=1
2026-10-02T01:22:34.929886700Z	close	path=Z:\; native=1324; Result[success=true, error=0]; remaining=0
2026-10-02T01:22:34.931889100Z	released	all six retained handles closed; fixture/baseline retained for user-controlled normal dismount/remount
2026-10-02T01:22:34.932889500Z	end	success=true; trackedFileDirectoryHandles=0
2026-10-02T01:29:20.7004773Z	manual-user-report	Recorded now; actual action timestamps not supplied. Normal dismount while six handles were held was blocked: Volume contains files or folders being used by applications or system. Force dismount? User declined force.
2026-10-02T01:29:20.7004773Z	manual-user-report	Diagnostic explicitly released; native revocation/CloseHandle evidence is already above. User reports subsequent normal dismount succeeded and the same VeraCrypt volume was remounted successfully at Z:. No forced dismount or different-letter remount reported.
2026-10-02T01:29:20.848606700Z	begin	mode=resume; pid=22236; cwd=D:\Dev\projects\ai-projects\media-compare; os=Windows 10; java=21.0.12.1
2026-10-02T01:29:20.860606300Z	section	initial guards; no fixture mutation yet
2026-10-02T01:29:29.015295100Z	volume	device=\Device\VeraCryptVolumeZ; nativeFs=exFAT; nioFs=exFAT; serial=98d16f05; expected=98d16f05; label=; flags=00020206; maximumComponent=255; readOnly=false
2026-10-02T01:29:29.016296300Z	volume-guid	\\?\Volume{5b22bd93-5d21-11ec-bf63-7085c24c9111}\
2026-10-02T01:29:29.016296300Z	guards	PASS; Windows/Z:/native exFAT/NIO exFAT/serial/device mapping
2026-10-02T01:29:29.056327400Z	section	G fresh guarded acquisition after user-controlled remount; no automatic replay
2026-10-02T01:29:29.515705200Z	old-window-check	window=df01132f-8d21-45ab-b3d0-6dae96620671; phase=DEAD; prior process is dead; live handles=0; serialized checkpoint is comparison history only
2026-10-02T01:29:29.525712700Z	CreateFile	path=Z:\; access=80000000; share=3; disposition=3; flags=02200000; security=NULL/non-inheritable; success=true; error=0
2026-10-02T01:29:29.532727500Z	handle-flags	path=Z:\; Result[success=true, error=0]; flags=0; native=1248
2026-10-02T01:29:29.547728800Z	retained-handle	path=Z:\; native=1248; attributes=00000010; serial=98d16f05; index64=0000000000000000; size=0; creation100ns=119600208000000000(1980-01-01T04:00:00Z); access100ns=119600208000000000(1980-01-01T04:00:00Z); mtime100ns=119600208000000000(1980-01-01T04:00:00Z); final=\\?\Z:\
2026-10-02T01:29:29.548729900Z	CreateFile	path=Z:\media-compare-retained-handle-test; access=80000000; share=3; disposition=3; flags=02200000; security=NULL/non-inheritable; success=true; error=0
2026-10-02T01:29:29.548729900Z	handle-flags	path=Z:\media-compare-retained-handle-test; Result[success=true, error=0]; flags=0; native=1272
2026-10-02T01:29:29.549730700Z	retained-handle	path=Z:\media-compare-retained-handle-test; native=1272; attributes=00000010; serial=98d16f05; index64=00000000012c0440; size=0; creation100ns=134353765824900000(2026-10-02T01:03:02.490Z); access100ns=134353765820000000(2026-10-02T01:03:02Z); mtime100ns=134353765824900000(2026-10-02T01:03:02.490Z); final=\\?\Z:\media-compare-retained-handle-test
2026-10-02T01:29:29.550732700Z	CreateFile	path=Z:\media-compare-retained-handle-test\Source; access=80000000; share=3; disposition=3; flags=02200000; security=NULL/non-inheritable; success=true; error=0
2026-10-02T01:29:29.550732700Z	handle-flags	path=Z:\media-compare-retained-handle-test\Source; Result[success=true, error=0]; flags=0; native=1264
2026-10-02T01:29:29.551736600Z	retained-handle	path=Z:\media-compare-retained-handle-test\Source; native=1264; attributes=00000010; serial=98d16f05; index64=000000a5864c0180; size=0; creation100ns=134353765830800000(2026-10-02T01:03:03.080Z); access100ns=134353765820000000(2026-10-02T01:03:02Z); mtime100ns=134353765830800000(2026-10-02T01:03:03.080Z); final=\\?\Z:\media-compare-retained-handle-test\Source
2026-10-02T01:29:29.552735600Z	CreateFile	path=Z:\media-compare-retained-handle-test\Source\Intermediate; access=80000000; share=3; disposition=3; flags=02200000; security=NULL/non-inheritable; success=true; error=0
2026-10-02T01:29:29.552735600Z	handle-flags	path=Z:\media-compare-retained-handle-test\Source\Intermediate; Result[success=true, error=0]; flags=0; native=1268
2026-10-02T01:29:29.553737600Z	retained-handle	path=Z:\media-compare-retained-handle-test\Source\Intermediate; native=1268; attributes=00000010; serial=98d16f05; index64=000000a586540140; size=0; creation100ns=134353765830900000(2026-10-02T01:03:03.090Z); access100ns=134353765820000000(2026-10-02T01:03:02Z); mtime100ns=134353765830900000(2026-10-02T01:03:03.090Z); final=\\?\Z:\media-compare-retained-handle-test\Source\Intermediate
2026-10-02T01:29:29.578756400Z	CreateFile	path=Z:\media-compare-retained-handle-test\Source\Intermediate\ProtectedA.bin; access=80000000; share=1; disposition=3; flags=00200000; security=NULL/non-inheritable; success=true; error=0
2026-10-02T01:29:29.579755800Z	handle-flags	path=Z:\media-compare-retained-handle-test\Source\Intermediate\ProtectedA.bin; Result[success=true, error=0]; flags=0; native=1284
2026-10-02T01:29:29.600772600Z	CreateFile	path=Z:\media-compare-retained-handle-test\Source\Intermediate\ProtectedB.bin; access=80000000; share=1; disposition=3; flags=00200000; security=NULL/non-inheritable; success=true; error=0
2026-10-02T01:29:29.600772600Z	handle-flags	path=Z:\media-compare-retained-handle-test\Source\Intermediate\ProtectedB.bin; Result[success=true, error=0]; flags=0; native=1240
2026-10-02T01:29:29.601774600Z	retained-handle	path=Z:\media-compare-retained-handle-test\Source\Intermediate\ProtectedA.bin; native=1284; attributes=00000020; serial=98d16f05; index64=000000a586580060; size=256; creation100ns=134353765831000000(2026-10-02T01:03:03.100Z); access100ns=134353765840000000(2026-10-02T01:03:04Z); mtime100ns=134353765840000000(2026-10-02T01:03:04Z); final=\\?\Z:\media-compare-retained-handle-test\Source\Intermediate\ProtectedA.bin
2026-10-02T01:29:29.601774600Z	retained-handle	path=Z:\media-compare-retained-handle-test\Source\Intermediate\ProtectedB.bin; native=1240; attributes=00000020; serial=98d16f05; index64=000000a586580180; size=256; creation100ns=134353765831000000(2026-10-02T01:03:03.100Z); access100ns=134353765840000000(2026-10-02T01:03:04Z); mtime100ns=134353765840000000(2026-10-02T01:03:04Z); final=\\?\Z:\media-compare-retained-handle-test\Source\Intermediate\ProtectedB.bin
2026-10-02T01:29:29.602775400Z	retained-handle	path=Z:\; native=1248; attributes=00000010; serial=98d16f05; index64=0000000000000000; size=0; creation100ns=119600208000000000(1980-01-01T04:00:00Z); access100ns=119600208000000000(1980-01-01T04:00:00Z); mtime100ns=119600208000000000(1980-01-01T04:00:00Z); final=\\?\Z:\
2026-10-02T01:29:29.604777800Z	retained-handle	path=Z:\media-compare-retained-handle-test; native=1272; attributes=00000010; serial=98d16f05; index64=00000000012c0440; size=0; creation100ns=134353765824900000(2026-10-02T01:03:02.490Z); access100ns=134353765820000000(2026-10-02T01:03:02Z); mtime100ns=134353765824900000(2026-10-02T01:03:02.490Z); final=\\?\Z:\media-compare-retained-handle-test
2026-10-02T01:29:29.605777400Z	retained-handle	path=Z:\media-compare-retained-handle-test\Source; native=1264; attributes=00000010; serial=98d16f05; index64=000000a5864c0180; size=0; creation100ns=134353765830800000(2026-10-02T01:03:03.080Z); access100ns=134353765820000000(2026-10-02T01:03:02Z); mtime100ns=134353765830800000(2026-10-02T01:03:03.080Z); final=\\?\Z:\media-compare-retained-handle-test\Source
2026-10-02T01:29:29.606779800Z	retained-handle	path=Z:\media-compare-retained-handle-test\Source\Intermediate; native=1268; attributes=00000010; serial=98d16f05; index64=000000a586540140; size=0; creation100ns=134353765830900000(2026-10-02T01:03:03.090Z); access100ns=134353765820000000(2026-10-02T01:03:02Z); mtime100ns=134353765830900000(2026-10-02T01:03:03.090Z); final=\\?\Z:\media-compare-retained-handle-test\Source\Intermediate
2026-10-02T01:29:29.618787500Z	nio	path=Z:\media-compare-retained-handle-test\Source\Intermediate\ProtectedA.bin; real=Z:\media-compare-retained-handle-test\Source\Intermediate\ProtectedA.bin; size=256; directory=false; regular=true; other=false; link=false; key=null; created=2026-10-02T01:03:03.1Z; access=2026-10-02T01:03:04Z; mtime=2026-10-02T01:03:04Z
2026-10-02T01:29:29.619788600Z	nio	path=Z:\media-compare-retained-handle-test\Source\Intermediate\ProtectedB.bin; real=Z:\media-compare-retained-handle-test\Source\Intermediate\ProtectedB.bin; size=256; directory=false; regular=true; other=false; link=false; key=null; created=2026-10-02T01:03:03.1Z; access=2026-10-02T01:03:04Z; mtime=2026-10-02T01:03:04Z
2026-10-02T01:29:29.623791Z	post-remount-bytes	A.count=256; A.base64=Qk1GAAAAAAAAADYAAAAoAAAAAgAAAAIAAAABABgAAAAAABAAAAAAAAAAAAAAAAAAAAAAAAAAMyIRMyIRAAAzIhEzIhEAAAAAAAAAAAAAAAAAAAAAAAAAAAAAAAAAAAAAAAAAAAAAAAAAAAAAAAAAAAAAAAAAAAAAAAAAAAAAAAAAAAAAAAAAAAAAAAAAAAAAAAAAAAAAAAAAAAAAAAAAAAAAAAAAAAAAAAAAAAAAAAAAAAAAAAAAAAAAAAAAAAAAAAAAAAAAAAAAAAAAAAAAAAAAAAAAAAAAAAAAAAAAAAAAAAAAAAAAAAAAAAAAAAAAAAAAAAAAAAAAAAAAAAAAAA==; B.count=256; B.base64=Qk1GAAAAAAAAADYAAAAoAAAAAgAAAAIAAAABABgAAAAAABAAAAAAAAAAAAAAAAAAAAAAAAAAd4iZd4iZAAB3iJl3iJkAAAAAAAAAAAAAAAAAAAAAAAAAAAAAAAAAAAAAAAAAAAAAAAAAAAAAAAAAAAAAAAAAAAAAAAAAAAAAAAAAAAAAAAAAAAAAAAAAAAAAAAAAAAAAAAAAAAAAAAAAAAAAAAAAAAAAAAAAAAAAAAAAAAAAAAAAAAAAAAAAAAAAAAAAAAAAAAAAAAAAAAAAAAAAAAAAAAAAAAAAAAAAAAAAAAAAAAAAAAAAAAAAAAAAAAAAAAAAAAAAAAAAAAAAAA==; expectedBytes=true
2026-10-02T01:29:29.626794Z	empirical-before-after-A	before=attributes=00000020; serial=98d16f05; index64=000000a586580060; size=256; creation100ns=134353765831000000(2026-10-02T01:03:03.100Z); access100ns=134353765840000000(2026-10-02T01:03:04Z); mtime100ns=134353765840000000(2026-10-02T01:03:04Z); final=\\?\Z:\media-compare-retained-handle-test\Source\Intermediate\ProtectedA.bin; now=attributes=00000020; serial=98d16f05; index64=000000a586580060; size=256; creation100ns=134353765831000000(2026-10-02T01:03:03.100Z); access100ns=134353765840000000(2026-10-02T01:03:04Z); mtime100ns=134353765840000000(2026-10-02T01:03:04Z); final=\\?\Z:\media-compare-retained-handle-test\Source\Intermediate\ProtectedA.bin; equal=true; never an authority test
2026-10-02T01:29:29.627794300Z	empirical-before-after-B	before=attributes=00000020; serial=98d16f05; index64=000000a586580180; size=256; creation100ns=134353765831000000(2026-10-02T01:03:03.100Z); access100ns=134353765840000000(2026-10-02T01:03:04Z); mtime100ns=134353765840000000(2026-10-02T01:03:04Z); final=\\?\Z:\media-compare-retained-handle-test\Source\Intermediate\ProtectedB.bin; now=attributes=00000020; serial=98d16f05; index64=000000a586580180; size=256; creation100ns=134353765831000000(2026-10-02T01:03:03.100Z); access100ns=134353765840000000(2026-10-02T01:03:04Z); mtime100ns=134353765840000000(2026-10-02T01:03:04Z); final=\\?\Z:\media-compare-retained-handle-test\Source\Intermediate\ProtectedB.bin; equal=true; never an authority test
2026-10-02T01:29:29.628795200Z	retained-handle	path=Z:\media-compare-retained-handle-test\Source\Intermediate\ProtectedA.bin; native=1284; attributes=00000020; serial=98d16f05; index64=000000a586580060; size=256; creation100ns=134353765831000000(2026-10-02T01:03:03.100Z); access100ns=134353765840000000(2026-10-02T01:03:04Z); mtime100ns=134353765840000000(2026-10-02T01:03:04Z); final=\\?\Z:\media-compare-retained-handle-test\Source\Intermediate\ProtectedA.bin
2026-10-02T01:29:29.628795200Z	retained-handle	path=Z:\media-compare-retained-handle-test\Source\Intermediate\ProtectedB.bin; native=1240; attributes=00000020; serial=98d16f05; index64=000000a586580180; size=256; creation100ns=134353765831000000(2026-10-02T01:03:03.100Z); access100ns=134353765840000000(2026-10-02T01:03:04Z); mtime100ns=134353765840000000(2026-10-02T01:03:04Z); final=\\?\Z:\media-compare-retained-handle-test\Source\Intermediate\ProtectedB.bin
2026-10-02T01:29:29.629797600Z	retained-handle	path=Z:\; native=1248; attributes=00000010; serial=98d16f05; index64=0000000000000000; size=0; creation100ns=119600208000000000(1980-01-01T04:00:00Z); access100ns=119600208000000000(1980-01-01T04:00:00Z); mtime100ns=119600208000000000(1980-01-01T04:00:00Z); final=\\?\Z:\
2026-10-02T01:29:29.630798900Z	retained-handle	path=Z:\media-compare-retained-handle-test; native=1272; attributes=00000010; serial=98d16f05; index64=00000000012c0440; size=0; creation100ns=134353765824900000(2026-10-02T01:03:02.490Z); access100ns=134353765820000000(2026-10-02T01:03:02Z); mtime100ns=134353765824900000(2026-10-02T01:03:02.490Z); final=\\?\Z:\media-compare-retained-handle-test
2026-10-02T01:29:29.631799300Z	retained-handle	path=Z:\media-compare-retained-handle-test\Source; native=1264; attributes=00000010; serial=98d16f05; index64=000000a5864c0180; size=0; creation100ns=134353765830800000(2026-10-02T01:03:03.080Z); access100ns=134353765820000000(2026-10-02T01:03:02Z); mtime100ns=134353765830800000(2026-10-02T01:03:03.080Z); final=\\?\Z:\media-compare-retained-handle-test\Source
2026-10-02T01:29:29.631799300Z	retained-handle	path=Z:\media-compare-retained-handle-test\Source\Intermediate; native=1268; attributes=00000010; serial=98d16f05; index64=000000a586540140; size=0; creation100ns=134353765830900000(2026-10-02T01:03:03.090Z); access100ns=134353765820000000(2026-10-02T01:03:02Z); mtime100ns=134353765830900000(2026-10-02T01:03:03.090Z); final=\\?\Z:\media-compare-retained-handle-test\Source\Intermediate
2026-10-02T01:29:29.634800100Z	fresh-acquisition	oldWindow=df01132f-8d21-45ab-b3d0-6dae96620671; oldPhase=DEAD; newWindow=9f663b78-2734-470b-bf89-2762e82648f0; new guarded native handles; hashA=8973eb01f650b8bd43f628944d8ba63d9b0bb345741fc66938b13bf468e4eda2; hashB=efafc01df4922033a06038649683cc1ac569e5ea4b183cba606a7021428fa1f4; priorGuid=\\?\Volume{5b22bd93-5d21-11ec-bf63-7085c24c9111}\; currentGuid=\\?\Volume{5b22bd93-5d21-11ec-bf63-7085c24c9111}\
2026-10-02T01:29:29.637802800Z	close	path=Z:\media-compare-retained-handle-test\Source\Intermediate\ProtectedB.bin; native=1240; Result[success=true, error=0]; remaining=5
2026-10-02T01:29:29.638803900Z	close	path=Z:\media-compare-retained-handle-test\Source\Intermediate\ProtectedA.bin; native=1284; Result[success=true, error=0]; remaining=4
2026-10-02T01:29:29.638803900Z	close	path=Z:\media-compare-retained-handle-test\Source\Intermediate; native=1268; Result[success=true, error=0]; remaining=3
2026-10-02T01:29:29.638803900Z	close	path=Z:\media-compare-retained-handle-test\Source; native=1264; Result[success=true, error=0]; remaining=2
2026-10-02T01:29:29.638803900Z	close	path=Z:\media-compare-retained-handle-test; native=1272; Result[success=true, error=0]; remaining=1
2026-10-02T01:29:29.638803900Z	close	path=Z:\; native=1248; Result[success=true, error=0]; remaining=0
2026-10-02T01:29:29.639806900Z	fresh-window-closed	9f663b78-2734-470b-bf89-2762e82648f0; all fresh handles closed; historical UUIDs grant no authority
2026-10-02T01:29:29.639806900Z	end	success=true; trackedFileDirectoryHandles=0
2026-10-02T01:30:30.7013337Z	empirical-directory-comparison	path=Z:\; equal=True; before=attributes=00000010; serial=98d16f05; index64=0000000000000000; size=0; creation100ns=119600208000000000(1980-01-01T04:00:00Z); access100ns=119600208000000000(1980-01-01T04:00:00Z); mtime100ns=119600208000000000(1980-01-01T04:00:00Z); final=\\?\Z:\; after=attributes=00000010; serial=98d16f05; index64=0000000000000000; size=0; creation100ns=119600208000000000(1980-01-01T04:00:00Z); access100ns=119600208000000000(1980-01-01T04:00:00Z); mtime100ns=119600208000000000(1980-01-01T04:00:00Z); final=\\?\Z:\; supporting observation only, never authority.
2026-10-02T01:30:30.7173347Z	empirical-directory-comparison	path=Z:\media-compare-retained-handle-test; equal=True; before=attributes=00000010; serial=98d16f05; index64=00000000012c0440; size=0; creation100ns=134353765824900000(2026-10-02T01:03:02.490Z); access100ns=134353765820000000(2026-10-02T01:03:02Z); mtime100ns=134353765824900000(2026-10-02T01:03:02.490Z); final=\\?\Z:\media-compare-retained-handle-test; after=attributes=00000010; serial=98d16f05; index64=00000000012c0440; size=0; creation100ns=134353765824900000(2026-10-02T01:03:02.490Z); access100ns=134353765820000000(2026-10-02T01:03:02Z); mtime100ns=134353765824900000(2026-10-02T01:03:02.490Z); final=\\?\Z:\media-compare-retained-handle-test; supporting observation only, never authority.
2026-10-02T01:30:30.7243399Z	empirical-directory-comparison	path=Z:\media-compare-retained-handle-test\Source; equal=True; before=attributes=00000010; serial=98d16f05; index64=000000a5864c0180; size=0; creation100ns=134353765830800000(2026-10-02T01:03:03.080Z); access100ns=134353765820000000(2026-10-02T01:03:02Z); mtime100ns=134353765830800000(2026-10-02T01:03:03.080Z); final=\\?\Z:\media-compare-retained-handle-test\Source; after=attributes=00000010; serial=98d16f05; index64=000000a5864c0180; size=0; creation100ns=134353765830800000(2026-10-02T01:03:03.080Z); access100ns=134353765820000000(2026-10-02T01:03:02Z); mtime100ns=134353765830800000(2026-10-02T01:03:03.080Z); final=\\?\Z:\media-compare-retained-handle-test\Source; supporting observation only, never authority.
2026-10-02T01:30:30.7313477Z	empirical-directory-comparison	path=Z:\media-compare-retained-handle-test\Source\Intermediate; equal=True; before=attributes=00000010; serial=98d16f05; index64=000000a586540140; size=0; creation100ns=134353765830900000(2026-10-02T01:03:03.090Z); access100ns=134353765820000000(2026-10-02T01:03:02Z); mtime100ns=134353765830900000(2026-10-02T01:03:03.090Z); final=\\?\Z:\media-compare-retained-handle-test\Source\Intermediate; after=attributes=00000010; serial=98d16f05; index64=000000a586540140; size=0; creation100ns=134353765830900000(2026-10-02T01:03:03.090Z); access100ns=134353765820000000(2026-10-02T01:03:02Z); mtime100ns=134353765830900000(2026-10-02T01:03:03.090Z); final=\\?\Z:\media-compare-retained-handle-test\Source\Intermediate; supporting observation only, never authority.
2026-10-02T01:30:34.822052300Z	begin	mode=cleanup; pid=22240; cwd=D:\Dev\projects\ai-projects\media-compare; os=Windows 10; java=21.0.12.1
2026-10-02T01:30:34.833072300Z	section	initial guards; no fixture mutation yet
2026-10-02T01:30:34.995205200Z	volume	device=\Device\VeraCryptVolumeZ; nativeFs=exFAT; nioFs=exFAT; serial=98d16f05; expected=98d16f05; label=; flags=00020206; maximumComponent=255; readOnly=false
2026-10-02T01:30:34.996205800Z	volume-guid	\\?\Volume{5b22bd93-5d21-11ec-bf63-7085c24c9111}\
2026-10-02T01:30:34.996205800Z	guards	PASS; Windows/Z:/native exFAT/NIO exFAT/serial/device mapping
2026-10-02T01:30:35.036239100Z	section	cleanup exact marked fixture; no recursive deletion
2026-10-02T01:30:35.413311700Z	cleanup-delete	Z:\media-compare-retained-handle-test\Source\Intermediate\ProtectedA.bin
2026-10-02T01:30:35.413311700Z	cleanup-delete	Z:\media-compare-retained-handle-test\Source\Intermediate\ProtectedB.bin
2026-10-02T01:30:35.414311600Z	cleanup-delete	Z:\media-compare-retained-handle-test\Source\Intermediate
2026-10-02T01:30:35.414311600Z	cleanup-delete	Z:\media-compare-retained-handle-test\Source
2026-10-02T01:30:35.414311600Z	cleanup-delete	Z:\media-compare-retained-handle-test\MoveTarget
2026-10-02T01:30:35.415313400Z	cleanup-delete	Z:\media-compare-retained-handle-test\owner.txt
2026-10-02T01:30:35.415313400Z	cleanup-delete	Z:\media-compare-retained-handle-test
2026-10-02T01:30:35.416314800Z	cleanup-result	fixtureExists=false; no recursive deletion; no Source/catalog/media touched
2026-10-02T01:30:35.417317600Z	end	success=true; trackedFileDirectoryHandles=0
